Component: ARM Compiler 5.06 update 6 (build 750) Tool: armlink [4d35ed]

==============================================================================

Section Cross References

    main.o(i.main) refers to _printf_percent.o(.ARM.Collect$$_printf_percent$$00000000) for _printf_percent
    main.o(i.main) refers to _printf_f.o(.ARM.Collect$$_printf_percent$$00000003) for _printf_f
    main.o(i.main) refers to printf1.o(x$fpl$printf1) for _printf_fp_dec
    main.o(i.main) refers to system_stm32f4xx.o(i.SystemCoreClockUpdate) for SystemCoreClockUpdate
    main.o(i.main) refers to delay.o(i.systick_init) for systick_init
    main.o(i.main) refers to spi.o(i.spi_init) for spi_init
    main.o(i.main) refers to i2c.o(i.i2c_init) for i2c_init
    main.o(i.main) refers to ili9341.o(i.ILI9341_Init) for ILI9341_Init
    main.o(i.main) refers to ili9341.o(i.ILI9341_setRotation) for ILI9341_setRotation
    main.o(i.main) refers to ili9341.o(i.ILI9341_Fill) for ILI9341_Fill
    main.o(i.main) refers to ili9341.o(i.ILI9341_DrawString) for ILI9341_DrawString
    main.o(i.main) refers to mpu9250.o(i.MPU9250_beginAccel) for MPU9250_beginAccel
    main.o(i.main) refers to mpu9250.o(i.MPU9250_beginGyro) for MPU9250_beginGyro
    main.o(i.main) refers to mpu9250.o(i.MPU9250_beginMag) for MPU9250_beginMag
    main.o(i.main) refers to delay.o(i.delay) for delay
    main.o(i.main) refers to mpu9250.o(i.MPU9250_accelUpdate) for MPU9250_accelUpdate
    main.o(i.main) refers to mpu9250.o(i.MPU9250_gyroUpdate) for MPU9250_gyroUpdate
    main.o(i.main) refers to mpu9250.o(i.MPU9250_magUpdate) for MPU9250_magUpdate
    main.o(i.main) refers to mpu9250.o(i.MPU9250_accelX) for MPU9250_accelX
    main.o(i.main) refers to f2d.o(x$fpl$f2d) for __aeabi_f2d
    main.o(i.main) refers to noretval__2sprintf.o(.text) for __2sprintf
    main.o(i.main) refers to mpu9250.o(i.MPU9250_accelY) for MPU9250_accelY
    main.o(i.main) refers to mpu9250.o(i.MPU9250_accelZ) for MPU9250_accelZ
    main.o(i.main) refers to mpu9250.o(i.MPU9250_gyroX) for MPU9250_gyroX
    main.o(i.main) refers to mpu9250.o(i.MPU9250_gyroY) for MPU9250_gyroY
    main.o(i.main) refers to mpu9250.o(i.MPU9250_gyroZ) for MPU9250_gyroZ
    main.o(i.main) refers to mpu9250.o(i.MPU9250_magX) for MPU9250_magX
    main.o(i.main) refers to mpu9250.o(i.MPU9250_magY) for MPU9250_magY
    main.o(i.main) refers to mpu9250.o(i.MPU9250_magZ) for MPU9250_magZ
    main.o(i.main) refers to main.o(.data) for strax
    ili9341.o(i.ILI9341_DrawChar) refers to ili9341.o(i.setAddrWindow) for setAddrWindow
    ili9341.o(i.ILI9341_DrawChar) refers to ili9341.o(i.pushColor) for pushColor
    ili9341.o(i.ILI9341_DrawChar) refers to ili9341.o(.constdata) for Font
    ili9341.o(i.ILI9341_DrawPixel) refers to ili9341.o(i.ILI9341_SetCursorPosition) for ILI9341_SetCursorPosition
    ili9341.o(i.ILI9341_DrawPixel) refers to ili9341.o(i.ILI9341_SendData) for ILI9341_SendData
    ili9341.o(i.ILI9341_DrawString) refers to ili9341.o(i.ILI9341_DrawChar) for ILI9341_DrawChar
    ili9341.o(i.ILI9341_Fill) refers to ili9341.o(i.ILI9341_SetCursorPosition) for ILI9341_SetCursorPosition
    ili9341.o(i.ILI9341_Fill) refers to ili9341.o(i.ILI9341_SendData) for ILI9341_SendData
    ili9341.o(i.ILI9341_Fill) refers to ili9341.o(.data) for rotationNum
    ili9341.o(i.ILI9341_Fill_Rect) refers to ili9341.o(i.ILI9341_SetCursorPosition) for ILI9341_SetCursorPosition
    ili9341.o(i.ILI9341_Fill_Rect) refers to ili9341.o(i.ILI9341_SendData) for ILI9341_SendData
    ili9341.o(i.ILI9341_Init) refers to ili9341.o(i.GPIO_Init) for GPIO_Init
    ili9341.o(i.ILI9341_Init) refers to delay.o(i.delay) for delay
    ili9341.o(i.ILI9341_Init) refers to ili9341.o(i.ILI9341_SendCommand) for ILI9341_SendCommand
    ili9341.o(i.ILI9341_Init) refers to ili9341.o(i.ILI9341_SendData) for ILI9341_SendData
    ili9341.o(i.ILI9341_SendCommand) refers to spi.o(i.spi_write) for spi_write
    ili9341.o(i.ILI9341_SendCommand) refers to delay.o(i.delayuS) for delayuS
    ili9341.o(i.ILI9341_SendData) refers to spi.o(i.spi_write) for spi_write
    ili9341.o(i.ILI9341_SendData) refers to delay.o(i.delayuS) for delayuS
    ili9341.o(i.ILI9341_SetCursorPosition) refers to ili9341.o(i.ILI9341_SendCommand) for ILI9341_SendCommand
    ili9341.o(i.ILI9341_SetCursorPosition) refers to ili9341.o(i.ILI9341_SendData) for ILI9341_SendData
    ili9341.o(i.ILI9341_drawCircle) refers to ili9341.o(i.ILI9341_DrawPixel) for ILI9341_DrawPixel
    ili9341.o(i.ILI9341_drawFastHLine) refers to ili9341.o(i.ILI9341_drawLine) for ILI9341_drawLine
    ili9341.o(i.ILI9341_drawFastVLine) refers to ili9341.o(i.ILI9341_drawLine) for ILI9341_drawLine
    ili9341.o(i.ILI9341_drawLine) refers to ili9341.o(i.ILI9341_DrawPixel) for ILI9341_DrawPixel
    ili9341.o(i.ILI9341_drawTriangle) refers to ili9341.o(i.ILI9341_drawLine) for ILI9341_drawLine
[...]
    defsig_rtmem_outer.o(.text) refers to defsig_rtmem_inner.o(.text) for __rt_SIGRTMEM_inner
    defsig_rtmem_outer.o(.text) refers to defsig_exit.o(.text) for __sig_exit
    defsig_rtmem_formal.o(.text) refers to rt_raise.o(.text) for __rt_raise
    libshutdown.o(.ARM.Collect$$libshutdown$$00000000) refers (Special) to libshutdown2.o(.ARM.Collect$$libshutdown$$00000002) for __rt_lib_shutdown_cpp_1
    libshutdown.o(.ARM.Collect$$libshutdown$$00000000) refers (Special) to libshutdown2.o(.ARM.Collect$$libshutdown$$00000007) for __rt_lib_shutdown_fp_trap_1
    libshutdown.o(.ARM.Collect$$libshutdown$$00000000) refers (Special) to libshutdown2.o(.ARM.Collect$$libshutdown$$0000000F) for __rt_lib_shutdown_heap_1
    libshutdown.o(.ARM.Collect$$libshutdown$$00000000) refers (Special) to libshutdown2.o(.ARM.Collect$$libshutdown$$00000010) for __rt_lib_shutdown_return
    libshutdown.o(.ARM.Collect$$libshutdown$$00000000) refers (Special) to libshutdown2.o(.ARM.Collect$$libshutdown$$0000000A) for __rt_lib_shutdown_signal_1
    libshutdown.o(.ARM.Collect$$libshutdown$$00000000) refers (Special) to libshutdown2.o(.ARM.Collect$$libshutdown$$00000004) for __rt_lib_shutdown_stdio_1
    libshutdown.o(.ARM.Collect$$libshutdown$$00000000) refers (Special) to libshutdown2.o(.ARM.Collect$$libshutdown$$0000000C) for __rt_lib_shutdown_user_alloc_1
    rt_raise.o(.text) refers to __raise.o(.text) for __raise
    rt_raise.o(.text) refers to sys_exit.o(.text) for _sys_exit
    defsig_exit.o(.text) refers to sys_exit.o(.text) for _sys_exit
    defsig_rtmem_inner.o(.text) refers to defsig_general.o(.text) for __default_signal_display
    __raise.o(.text) refers to defsig.o(CL$$defsig) for __default_signal_handler
    defsig_general.o(.text) refers to sys_wrch.o(.text) for _ttywrch
    sys_wrch.o(.text) refers (Special) to use_no_semi.o(.text) for __I$use$semihosting
    sys_wrch.o(.text) refers (Special) to indicate_semi.o(.text) for __semihosting_library_function
    defsig.o(CL$$defsig) refers to defsig_rtmem_inner.o(.text) for __rt_SIGRTMEM_inner
    defsig_abrt_inner.o(.text) refers to defsig_general.o(.text) for __default_signal_display
    defsig_fpe_inner.o(.text) refers to defsig_general.o(.text) for __default_signal_display
    defsig_rtred_inner.o(.text) refers to defsig_general.o(.text) for __default_signal_display
    defsig_stak_inner.o(.text) refers to defsig_general.o(.text) for __default_signal_display
    defsig_pvfn_inner.o(.text) refers to defsig_general.o(.text) for __default_signal_display
    defsig_cppl_inner.o(.text) refers to defsig_general.o(.text) for __default_signal_display
    defsig_segv_inner.o(.text) refers to defsig_general.o(.text) for __default_signal_display
    defsig_other.o(.text) refers to defsig_general.o(.text) for __default_signal_display


==============================================================================

Removing Unused input sections from the image.

    Removing main.o(.rev16_text), (4 bytes).
    Removing main.o(.revsh_text), (4 bytes).
    Removing main.o(.rrx_text), (6 bytes).
    Removing main.o(.constdata), (1280 bytes).
    Removing ili9341.o(.rev16_text), (4 bytes).
    Removing ili9341.o(.revsh_text), (4 bytes).
    Removing ili9341.o(.rrx_text), (6 bytes).
    Removing ili9341.o(i.ILI9341_Color565), (24 bytes).
    Removing ili9341.o(i.ILI9341_DrawPixel), (34 bytes).
    Removing ili9341.o(i.ILI9341_Fill_Rect), (82 bytes).
    Removing ili9341.o(i.ILI9341_drawCircle), (260 bytes).
    Removing ili9341.o(i.ILI9341_drawFastHLine), (30 bytes).
    Removing ili9341.o(i.ILI9341_drawFastVLine), (30 bytes).
    Removing ili9341.o(i.ILI9341_drawLine), (206 bytes).
    Removing ili9341.o(i.ILI9341_drawTriangle), (64 bytes).
    Removing ili9341.o(i.ILI9341_fillCircle), (52 bytes).
    Removing ili9341.o(i.ILI9341_fillTriangle), (412 bytes).
    Removing ili9341.o(i.drawCircleHelper), (230 bytes).
    Removing ili9341.o(i.fillCircleHelper), (198 bytes).
    Removing delay.o(.rev16_text), (4 bytes).
    Removing delay.o(.revsh_text), (4 bytes).
    Removing delay.o(.rrx_text), (6 bytes).
    Removing delay.o(.data), (8 bytes).
    Removing spi.o(.rev16_text), (4 bytes).
    Removing spi.o(.revsh_text), (4 bytes).
    Removing spi.o(.rrx_text), (6 bytes).
    Removing spi.o(i.spi_print), (22 bytes).
    Removing spi.o(i.spi_read_write), (76 bytes).
    Removing mpu9250.o(.rev16_text), (4 bytes).
    Removing mpu9250.o(.revsh_text), (4 bytes).
    Removing mpu9250.o(.rrx_text), (6 bytes).
    Removing mpu9250.o(i.MPU9250_accelSqrt), (220 bytes).
    Removing mpu9250.o(i.MPU9250_magHorizDirection), (136 bytes).
    Removing i2c.o(.rev16_text), (4 bytes).
    Removing i2c.o(.revsh_text), (4 bytes).
    Removing i2c.o(.rrx_text), (6 bytes).
    Removing i2c.o(i.i2c_WriteMulti), (176 bytes).
    Removing system_stm32f4xx.o(.rev16_text), (4 bytes).
    Removing system_stm32f4xx.o(.revsh_text), (4 bytes).
    Removing system_stm32f4xx.o(.rrx_text), (6 bytes).

40 unused section(s) (total 3638 bytes) removed from the image.

==============================================================================

Image Symbol Table

    Local Symbols

    Symbol Name                              Value     Ov Type        Size  Object(Section)

    ../clib/angel/boardlib.s                 0x00000000   Number         0  boardinit3.o ABSOLUTE
    ../clib/angel/boardlib.s                 0x00000000   Number         0  boardshut.o ABSOLUTE
    ../clib/angel/boardlib.s                 0x00000000   Number         0  boardinit2.o ABSOLUTE
    ../clib/angel/boardlib.s                 0x00000000   Number         0  boardinit1.o ABSOLUTE
    ../clib/angel/handlers.s                 0x00000000   Number         0  __scatter_zi.o ABSOLUTE
    ../clib/angel/handlers.s                 0x00000000   Number         0  __scatter_copy.o ABSOLUTE
    ../clib/angel/kernel.s                   0x00000000   Number         0  rtexit.o ABSOLUTE
    ../clib/angel/kernel.s                   0x00000000   Number         0  __rtentry.o ABSOLUTE
    ../clib/angel/kernel.s                   0x00000000   Number         0  rtexit2.o ABSOLUTE
    ../clib/angel/kernel.s                   0x00000000   Number         0  __rtentry4.o ABSOLUTE
    ../clib/angel/kernel.s                   0x00000000   Number         0  __rtentry2.o ABSOLUTE
    ../clib/angel/rt.s                       0x00000000   Number         0  rt_locale_intlibspace.o ABSOLUTE
    ../clib/angel/rt.s                       0x00000000   Number         0  rt_errno_addr.o ABSOLUTE
    ../clib/angel/rt.s                       0x00000000   Number         0  rt_errno_addr_intlibspace.o ABSOLUTE
    ../clib/angel/rt.s                       0x00000000   Number         0  rt_raise.o ABSOLUTE
    ../clib/angel/rt.s                       0x00000000   Number         0  rt_locale.o ABSOLUTE
    ../clib/angel/scatter.s                  0x00000000   Number         0  __scatter.o ABSOLUTE
    ../clib/angel/startup.s                  0x00000000   Number         0  __main.o ABSOLUTE
    ../clib/angel/sys.s                      0x00000000   Number         0  indicate_semi.o ABSOLUTE
    ../clib/angel/sys.s                      0x00000000   Number         0  use_no_semi.o ABSOLUTE
    ../clib/angel/sys.s                      0x00000000   Number         0  sys_stackheap_outer.o ABSOLUTE
    ../clib/angel/sys.s                      0x00000000   Number         0  libspace.o ABSOLUTE
    ../clib/angel/sysapp.c                   0x00000000   Number         0  sys_exit.o ABSOLUTE
    ../clib/angel/sysapp.c                   0x00000000   Number         0  sys_wrch.o ABSOLUTE
    ../clib/angel/sysapp.c                   0x00000000   Number         0  sys_command.o ABSOLUTE
    ../clib/armsys.c                         0x00000000   Number         0  _get_argv_nomalloc.o ABSOLUTE
    ../clib/armsys.c                         0x00000000   Number         0  argv_veneer.o ABSOLUTE
    ../clib/armsys.c                         0x00000000   Number         0  argv_veneer.o ABSOLUTE
    ../clib/armsys.c                         0x00000000   Number         0  no_argv.o ABSOLUTE
    ../clib/bigflt.c                         0x00000000   Number         0  bigflt0.o ABSOLUTE
    ../clib/btod.s                           0x00000000   Number         0  btod.o ABSOLUTE
    ../clib/fenv.c                           0x00000000   Number         0  _rserrno.o ABSOLUTE
    ../clib/heapalloc.c                      0x00000000   Number         0  hrguard.o ABSOLUTE
    ../clib/heapaux.c                        0x00000000   Number         0  heapauxi.o ABSOLUTE
    ../clib/libinit.s                        0x00000000   Number         0  libinit.o ABSOLUTE
    ../clib/libinit.s                        0x00000000   Number         0  libinit2.o ABSOLUTE
    ../clib/libinit.s                        0x00000000   Number         0  libshutdown2.o ABSOLUTE
    ../clib/libinit.s                        0x00000000   Number         0  libshutdown.o ABSOLUTE
    ../clib/locale.s                         0x00000000   Number         0  lc_numeric_c.o ABSOLUTE
    ../clib/longlong.s                       0x00000000   Number         0  lludiv10.o ABSOLUTE
    ../clib/memcpset.s                       0x00000000   Number         0  strcmpv7m.o ABSOLUTE
    ../clib/printf.c                         0x00000000   Number         0  _printf_fp_dec.o ABSOLUTE
    ../clib/printf.c                         0x00000000   Number         0  __2sprintf.o ABSOLUTE
    ../clib/printf.c                         0x00000000   Number         0  __printf_ss.o ABSOLUTE
    ../clib/printf.c                         0x00000000   Number         0  _printf_char_common.o ABSOLUTE
    ../clib/printf.c                         0x00000000   Number         0  __printf_flags_ss_wp.o ABSOLUTE
    ../clib/printf.c                         0x00000000   Number         0  __printf_ss_wp.o ABSOLUTE
    ../clib/printf.c                         0x00000000   Number         0  __printf_flags.o ABSOLUTE
    ../clib/printf.c                         0x00000000   Number         0  _sputc.o ABSOLUTE
    ../clib/printf.c                         0x00000000   Number         0  __printf_nopercent.o ABSOLUTE
    ../clib/printf.c                         0x00000000   Number         0  __printf_flags_wp.o ABSOLUTE
    ../clib/printf.c                         0x00000000   Number         0  _printf_fp_infnan.o ABSOLUTE
    ../clib/printf.c                         0x00000000   Number         0  __printf_wp.o ABSOLUTE
    ../clib/printf.c                         0x00000000   Number         0  __printf_flags_ss.o ABSOLUTE
    ../clib/printf.c                         0x00000000   Number         0  __printf.o ABSOLUTE
    ../clib/printf.c                         0x00000000   Number         0  noretval__2sprintf.o ABSOLUTE
    ../clib/printf_percent.s                 0x00000000   Number         0  _printf_percent.o ABSOLUTE
    ../clib/printf_percent.s                 0x00000000   Number         0  _printf_f.o ABSOLUTE
    ../clib/printf_percent.s                 0x00000000   Number         0  _printf_percent_end.o ABSOLUTE
    ../clib/signal.c                         0x00000000   Number         0  __raise.o ABSOLUTE
    ../clib/signal.c                         0x00000000   Number         0  defsig_rtred_inner.o ABSOLUTE
    ../clib/signal.c                         0x00000000   Number         0  defsig_stak_inner.o ABSOLUTE
    ../clib/signal.c                         0x00000000   Number         0  defsig_rtmem_inner.o ABSOLUTE
    ../clib/signal.c                         0x00000000   Number         0  defsig_rtmem_formal.o ABSOLUTE
    ../clib/signal.c                         0x00000000   Number         0  defsig_rtmem_outer.o ABSOLUTE
    ../clib/signal.c                         0x00000000   Number         0  defsig_pvfn_inner.o ABSOLUTE
    ../clib/signal.c                         0x00000000   Number         0  defsig_cppl_inner.o ABSOLUTE
    ../clib/signal.c                         0x00000000   Number         0  defsig_segv_inner.o ABSOLUTE
    ../clib/signal.c                         0x00000000   Number         0  defsig_exit.o ABSOLUTE
    ../clib/signal.c                         0x00000000   Number         0  defsig_other.o ABSOLUTE
    ../clib/signal.c                         0x00000000   Number         0  defsig_general.o ABSOLUTE
    ../clib/signal.c                         0x00000000   Number         0  defsig_abrt_inner.o ABSOLUTE
    ../clib/signal.c                         0x00000000   Number         0  defsig_fpe_inner.o ABSOLUTE
    ../clib/signal.s                         0x00000000   Number         0  defsig.o ABSOLUTE
    ../clib/stdlib.c                         0x00000000   Number         0  exit.o ABSOLUTE
    ../fplib/basic.s                         0x00000000   Number         0  basic.o ABSOLUTE
    ../fplib/d2f.s                           0x00000000   Number         0  d2f.o ABSOLUTE
    ../fplib/daddsub.s                       0x00000000   Number         0  daddsub_clz.o ABSOLUTE
    ../fplib/dcheck1.s                       0x00000000   Number         0  dcheck1.o ABSOLUTE
    ../fplib/dcmpi.s                         0x00000000   Number         0  dcmpi.o ABSOLUTE
    ../fplib/ddiv.s                          0x00000000   Number         0  ddiv.o ABSOLUTE
    ../fplib/dflt.s                          0x00000000   Number         0  dflt_clz.o ABSOLUTE
    ../fplib/dleqf.s                         0x00000000   Number         0  dleqf.o ABSOLUTE
    ../fplib/dmul.s                          0x00000000   Number         0  dmul.o ABSOLUTE
    ../fplib/dnaninf.s                       0x00000000   Number         0  dnaninf.o ABSOLUTE
    ../fplib/dretinf.s                       0x00000000   Number         0  dretinf.o ABSOLUTE
    ../fplib/drleqf.s                        0x00000000   Number         0  drleqf.o ABSOLUTE
    ../fplib/dsqrt.s                         0x00000000   Number         0  dsqrt_umaal.o ABSOLUTE
    ../fplib/f2d.s                           0x00000000   Number         0  f2d.o ABSOLUTE
    ../fplib/fnaninf.s                       0x00000000   Number         0  fnaninf.o ABSOLUTE
    ../fplib/fpinit.s                        0x00000000   Number         0  fpinit.o ABSOLUTE
    ../fplib/fretinf.s                       0x00000000   Number         0  fretinf.o ABSOLUTE
    ../fplib/istatus.s                       0x00000000   Number         0  istatus.o ABSOLUTE
    ../fplib/printf1.s                       0x00000000   Number         0  printf1.o ABSOLUTE
    ../fplib/retnan.s                        0x00000000   Number         0  retnan.o ABSOLUTE
    ../fplib/scalbn.s                        0x00000000   Number         0  scalbn.o ABSOLUTE
    ../fplib/trapv.s                         0x00000000   Number         0  trapv.o ABSOLUTE
    ../fplib/usenofp.s                       0x00000000   Number         0  usenofp.o ABSOLUTE
    ../mathlib/atan.c                        0x00000000   Number         0  atan.o ABSOLUTE
    ../mathlib/atan.c                        0x00000000   Number         0  atan_x.o ABSOLUTE
    ../mathlib/atan2.c                       0x00000000   Number         0  atan2_x.o ABSOLUTE
    ../mathlib/atan2.c                       0x00000000   Number         0  atan2.o ABSOLUTE
    ../mathlib/dunder.c                      0x00000000   Number         0  dunder.o ABSOLUTE
    ../mathlib/fabs.c                        0x00000000   Number         0  fabs.o ABSOLUTE
    ../mathlib/fpclassify.c                  0x00000000   Number         0  fpclassify.o ABSOLUTE
    ../mathlib/poly.c                        0x00000000   Number         0  poly.o ABSOLUTE
    ../mathlib/pow.c                         0x00000000   Number         0  pow.o ABSOLUTE
    ../mathlib/pow.c                         0x00000000   Number         0  pow_x.o ABSOLUTE
    ../mathlib/qnan.c                        0x00000000   Number         0  qnan.o ABSOLUTE
    ../mathlib/sqrt.c                        0x00000000   Number         0  sqrt_x.o ABSOLUTE
    ../mathlib/sqrt.c                        0x00000000   Number         0  sqrt.o ABSOLUTE
    ILI9341.c                                0x00000000   Number         0  ili9341.o ABSOLUTE
    ILI9341.c                                0x00000000   Number         0  ili9341.o ABSOLUTE
    MPU9250.c                                0x00000000   Number         0  mpu9250.o ABSOLUTE
    MPU9250.c                                0x00000000   Number         0  mpu9250.o ABSOLUTE
    RTE\Device\STM32F407VETx\startup_stm32f407xx.s 0x00000000   Number         0  startup_stm32f407xx.o ABSOLUTE
    RTE\Device\STM32F407VETx\system_stm32f4xx.c 0x00000000   Number         0  system_stm32f4xx.o ABSOLUTE
    RTE\\Device\\STM32F407VETx\\system_stm32f4xx.c 0x00000000   Number         0  system_stm32f4xx.o ABSOLUTE
    SPI.c                                    0x00000000   Number         0  spi.o ABSOLUTE
    SPI.c                                    0x00000000   Number         0  spi.o ABSOLUTE
    dc.s                                     0x00000000   Number         0  dc.o ABSOLUTE
    delay.c                                  0x00000000   Number         0  delay.o ABSOLUTE
    delay.c                                  0x00000000   Number         0  delay.o ABSOLUTE
    i2c.c                                    0x00000000   Number         0  i2c.o ABSOLUTE
    i2c.c                                    0x00000000   Number         0  i2c.o ABSOLUTE
    main.c                                   0x00000000   Number         0  main.o ABSOLUTE
    main.c                                   0x00000000   Number         0  main.o ABSOLUTE
    RESET                                    0x08000000   Section      392  startup_stm32f407xx.o(RESET)
    !!!main                                  0x08000188   Section        8  __main.o(!!!main)
    !!!scatter                               0x08000190   Section       52  __scatter.o(!!!scatter)
    !!handler_copy                           0x080001c4   Section       26  __scatter_copy.o(!!handler_copy)
    !!handler_zi                             0x080001e0   Section       28  __scatter_zi.o(!!handler_zi)
    .ARM.Collect$$_printf_percent$$00000000  0x080001fc   Section        0  _printf_percent.o(.ARM.Collect$$_printf_percent$$00000000)
    .ARM.Collect$$_printf_percent$$00000003  0x080001fc   Section        6  _printf_f.o(.ARM.Collect$$_printf_percent$$00000003)
    .ARM.Collect$$_printf_percent$$00000017  0x08000202   Section        4  _printf_percent_end.o(.ARM.Collect$$_printf_percent$$00000017)
    .ARM.Collect$$libinit$$00000000          0x08000206   Section        2  libinit.o(.ARM.Collect$$libinit$$00000000)
    .ARM.Collect$$libinit$$00000001          0x08000208   Section        4  libinit2.o(.ARM.Collect$$libinit$$00000001)
    .ARM.Collect$$libinit$$00000004          0x0800020c   Section        0  libinit2.o(.ARM.Collect$$libinit$$00000004)
    .ARM.Collect$$libinit$$0000000A          0x0800020c   Section        0  libinit2.o(.ARM.Collect$$libinit$$0000000A)
    .ARM.Collect$$libinit$$0000000C          0x0800020c   Section        0  libinit2.o(.ARM.Collect$$libinit$$0000000C)
    .ARM.Collect$$libinit$$0000000E          0x0800020c   Section        0  libinit2.o(.ARM.Collect$$libinit$$0000000E)
    .ARM.Collect$$libinit$$0000000F          0x0800020c   Section        6  libinit2.o(.ARM.Collect$$libinit$$0000000F)
    .ARM.Collect$$libinit$$00000011          0x08000212   Section        0  libinit2.o(.ARM.Collect$$libinit$$00000011)
    .ARM.Collect$$libinit$$00000013          0x08000212   Section        0  libinit2.o(.ARM.Collect$$libinit$$00000013)
    .ARM.Collect$$libinit$$00000015          0x08000212   Section        0  libinit2.o(.ARM.Collect$$libinit$$00000015)
    .ARM.Collect$$libinit$$00000016          0x08000212   Section       10  libinit2.o(.ARM.Collect$$libinit$$00000016)
    .ARM.Collect$$libinit$$00000017          0x0800021c   Section        0  libinit2.o(.ARM.Collect$$libinit$$00000017)
    .ARM.Collect$$libinit$$00000019          0x0800021c   Section        0  libinit2.o(.ARM.Collect$$libinit$$00000019)
    .ARM.Collect$$libinit$$0000001B          0x0800021c   Section        0  libinit2.o(.ARM.Collect$$libinit$$0000001B)
    .ARM.Collect$$libinit$$0000001D          0x0800021c   Section        0  libinit2.o(.ARM.Collect$$libinit$$0000001D)
    .ARM.Collect$$libinit$$0000001F          0x0800021c   Section        0  libinit2.o(.ARM.Collect$$libinit$$0000001F)
    .ARM.Collect$$libinit$$00000021          0x0800021c   Section        0  libinit2.o(.ARM.Collect$$libinit$$00000021)
    .ARM.Collect$$libinit$$00000023          0x0800021c   Section        0  libinit2.o(.ARM.Collect$$libinit$$00000023)
    .ARM.Collect$$libinit$$00000025          0x0800021c   Section        0  libinit2.o(.ARM.Collect$$libinit$$00000025)
    .ARM.Collect$$libinit$$0000002C          0x0800021c   Section        0  libinit2.o(.ARM.Collect$$libinit$$0000002C)
    .ARM.Collect$$libinit$$0000002E          0x0800021c   Section        0  libinit2.o(.ARM.Collect$$libinit$$0000002E)
    .ARM.Collect$$libinit$$00000030          0x0800021c   Section        0  libinit2.o(.ARM.Collect$$libinit$$00000030)
    .ARM.Collect$$libinit$$00000032          0x0800021c   Section        0  libinit2.o(.ARM.Collect$$libinit$$00000032)
    .ARM.Collect$$libinit$$00000033          0x0800021c   Section        2  libinit2.o(.ARM.Collect$$libinit$$00000033)
    .ARM.Collect$$libshutdown$$00000000      0x0800021e   Section        2  libshutdown.o(.ARM.Collect$$libshutdown$$00000000)
    .ARM.Collect$$libshutdown$$00000002      0x08000220   Section        0  libshutdown2.o(.ARM.Collect$$libshutdown$$00000002)
    .ARM.Collect$$libshutdown$$00000004      0x08000220   Section        0  libshutdown2.o(.ARM.Collect$$libshutdown$$00000004)
    .ARM.Collect$$libshutdown$$00000007      0x08000220   Section        0  libshutdown2.o(.ARM.Collect$$libshutdown$$00000007)
    .ARM.Collect$$libshutdown$$0000000A      0x08000220   Section        0  libshutdown2.o(.ARM.Collect$$libshutdown$$0000000A)
    .ARM.Collect$$libshutdown$$0000000C      0x08000220   Section        0  libshutdown2.o(.ARM.Collect$$libshutdown$$0000000C)
    .ARM.Collect$$libshutdown$$0000000F      0x08000220   Section        0  libshutdown2.o(.ARM.Collect$$libshutdown$$0000000F)
    .ARM.Collect$$libshutdown$$00000010      0x08000220   Section        2  libshutdown2.o(.ARM.Collect$$libshutdown$$00000010)
    .ARM.Collect$$rtentry$$00000000          0x08000222   Section        0  __rtentry.o(.ARM.Collect$$rtentry$$00000000)
    .ARM.Collect$$rtentry$$00000002          0x08000222   Section        0  __rtentry2.o(.ARM.Collect$$rtentry$$00000002)
    .ARM.Collect$$rtentry$$00000004          0x08000222   Section        6  __rtentry4.o(.ARM.Collect$$rtentry$$00000004)
    .ARM.Collect$$rtentry$$00000009          0x08000228   Section        0  __rtentry2.o(.ARM.Collect$$rtentry$$00000009)
    .ARM.Collect$$rtentry$$0000000A          0x08000228   Section        4  __rtentry2.o(.ARM.Collect$$rtentry$$0000000A)
    .ARM.Collect$$rtentry$$0000000C          0x0800022c   Section        0  __rtentry2.o(.ARM.Collect$$rtentry$$0000000C)
    .ARM.Collect$$rtentry$$0000000D          0x0800022c   Section        8  __rtentry2.o(.ARM.Collect$$rtentry$$0000000D)
    .ARM.Collect$$rtexit$$00000000           0x08000234   Section        2  rtexit.o(.ARM.Collect$$rtexit$$00000000)
    .ARM.Collect$$rtexit$$00000002           0x08000236   Section        0  rtexit2.o(.ARM.Collect$$rtexit$$00000002)
    .ARM.Collect$$rtexit$$00000003           0x08000236   Section        4  rtexit2.o(.ARM.Collect$$rtexit$$00000003)
    .ARM.Collect$$rtexit$$00000004           0x0800023a   Section        6  rtexit2.o(.ARM.Collect$$rtexit$$00000004)
    .text                                    0x08000240   Section       64  startup_stm32f407xx.o(.text)
    $v0                                      0x08000240   Number         0  startup_stm32f407xx.o(.text)
    .text                                    0x08000280   Section        0  noretval__2sprintf.o(.text)
    .text                                    0x080002a8   Section        0  __printf.o(.text)
    .text                                    0x08000310   Section        0  heapauxi.o(.text)
    .text                                    0x08000316   Section        0  _printf_fp_dec.o(.text)
    _fp_digits                               0x08000319   Thumb Code   432  _printf_fp_dec.o(.text)
    .text                                    0x08000734   Section        0  _printf_char_common.o(.text)
    _printf_input_char                       0x08000735   Thumb Code    10  _printf_char_common.o(.text)
    .text                                    0x08000764   Section        0  _sputc.o(.text)
    .text                                    0x08000770   Section        8  rt_locale_intlibspace.o(.text)
    .text                                    0x08000778   Section      138  lludiv10.o(.text)
    .text                                    0x08000804   Section        0  _printf_fp_infnan.o(.text)
    .text                                    0x08000884   Section        0  bigflt0.o(.text)
    .text                                    0x08000968   Section        8  libspace.o(.text)
    .text                                    0x08000970   Section       74  sys_stackheap_outer.o(.text)
    .text                                    0x080009ba   Section        0  exit.o(.text)
    .text                                    0x080009cc   Section      128  strcmpv7m.o(.text)
    .text                                    0x08000a4c   Section        0  sys_exit.o(.text)
    .text                                    0x08000a58   Section        2  use_no_semi.o(.text)
    .text                                    0x08000a5a   Section        0  indicate_semi.o(.text)
    CL$$btod_d2e                             0x08000a5a   Section       62  btod.o(CL$$btod_d2e)
    CL$$btod_d2e_denorm_low                  0x08000a98   Section       70  btod.o(CL$$btod_d2e_denorm_low)
    CL$$btod_d2e_norm_op1                    0x08000ade   Section       96  btod.o(CL$$btod_d2e_norm_op1)
    CL$$btod_div_common                      0x08000b3e   Section      824  btod.o(CL$$btod_div_common)
    CL$$btod_e2e                             0x08000e76   Section      220  btod.o(CL$$btod_e2e)
    CL$$btod_ediv                            0x08000f52   Section       42  btod.o(CL$$btod_ediv)
    CL$$btod_emul                            0x08000f7c   Section       42  btod.o(CL$$btod_emul)
    CL$$btod_mult_common                     0x08000fa6   Section      580  btod.o(CL$$btod_mult_common)
    i.GPIO_Init                              0x080011ec   Section        0  ili9341.o(i.GPIO_Init)
    i.ILI9341_DrawChar                       0x08001210   Section        0  ili9341.o(i.ILI9341_DrawChar)
    i.ILI9341_DrawString                     0x08001310   Section        0  ili9341.o(i.ILI9341_DrawString)
    i.ILI9341_Fill                           0x08001360   Section        0  ili9341.o(i.ILI9341_Fill)
    i.ILI9341_Init                           0x080013c4   Section        0  ili9341.o(i.ILI9341_Init)
    i.ILI9341_SendCommand                    0x080014fc   Section        0  ili9341.o(i.ILI9341_SendCommand)
    i.ILI9341_SendData                       0x08001534   Section        0  ili9341.o(i.ILI9341_SendData)
    i.ILI9341_SetCursorPosition              0x0800156c   Section        0  ili9341.o(i.ILI9341_SetCursorPosition)
    i.ILI9341_setRotation                    0x080015c0   Section        0  ili9341.o(i.ILI9341_setRotation)
    i.MPU9250_accelGet                       0x08001644   Section        0  mpu9250.o(i.MPU9250_accelGet)
    i.MPU9250_accelUpdate                    0x080016b8   Section        0  mpu9250.o(i.MPU9250_accelUpdate)
    i.MPU9250_accelX                         0x0800172c   Section        0  mpu9250.o(i.MPU9250_accelX)
    i.MPU9250_accelY                         0x08001738   Section        0  mpu9250.o(i.MPU9250_accelY)
    i.MPU9250_accelZ                         0x08001744   Section        0  mpu9250.o(i.MPU9250_accelZ)
    i.MPU9250_beginAccel                     0x08001750   Section        0  mpu9250.o(i.MPU9250_beginAccel)
    i.MPU9250_beginGyro                      0x080017d0   Section        0  mpu9250.o(i.MPU9250_beginGyro)
    i.MPU9250_beginMag                       0x08001850   Section        0  mpu9250.o(i.MPU9250_beginMag)
    i.MPU9250_gyroGet                        0x08001874   Section        0  mpu9250.o(i.MPU9250_gyroGet)
    i.MPU9250_gyroUpdate                     0x080018e8   Section        0  mpu9250.o(i.MPU9250_gyroUpdate)
    i.MPU9250_gyroX                          0x0800195c   Section        0  mpu9250.o(i.MPU9250_gyroX)
    i.MPU9250_gyroY                          0x08001968   Section        0  mpu9250.o(i.MPU9250_gyroY)
    i.MPU9250_gyroZ                          0x08001974   Section        0  mpu9250.o(i.MPU9250_gyroZ)
    i.MPU9250_magGet                         0x08001980   Section        0  mpu9250.o(i.MPU9250_magGet)
    i.MPU9250_magUpdate                      0x08001998   Section        0  mpu9250.o(i.MPU9250_magUpdate)
    i.MPU9250_magX                           0x08001a20   Section        0  mpu9250.o(i.MPU9250_magX)
    i.MPU9250_magY                           0x08001a54   Section        0  mpu9250.o(i.MPU9250_magY)
    i.MPU9250_magZ                           0x08001a88   Section        0  mpu9250.o(i.MPU9250_magZ)
    i.SetSysClock                            0x08001abc   Section        0  system_stm32f4xx.o(i.SetSysClock)
    SetSysClock                              0x08001abd   Thumb Code   142  system_stm32f4xx.o(i.SetSysClock)
    i.SystemCoreClockUpdate                  0x08001b5c   Section        0  system_stm32f4xx.o(i.SystemCoreClockUpdate)
    i.SystemInit                             0x08001c1c   Section        0  system_stm32f4xx.o(i.SystemInit)
    i.__ARM_fpclassify                       0x08001c84   Section        0  fpclassify.o(i.__ARM_fpclassify)
    i.adjustMagValue                         0x08001cb4   Section        0  mpu9250.o(i.adjustMagValue)
    i.delay                                  0x08001d58   Section        0  delay.o(i.delay)
    i.delayuS                                0x08001d90   Section        0  delay.o(i.delayuS)
    i.i2c_init                               0x08001dc4   Section        0  i2c.o(i.i2c_init)
    i.i2c_readByte                           0x08001e4c   Section        0  i2c.o(i.i2c_readByte)
    i.i2c_writeByte                          0x08001f40   Section        0  i2c.o(i.i2c_writeByte)
    i.magEnableSlaveMode                     0x08001fe0   Section        0  mpu9250.o(i.magEnableSlaveMode)
    i.magReadAdjustValues                    0x0800200c   Section        0  mpu9250.o(i.magReadAdjustValues)
    i.magSetMode                             0x08002064   Section        0  mpu9250.o(i.magSetMode)
    i.magWakeup                              0x0800207a   Section        0  mpu9250.o(i.magWakeup)
    i.main                                   0x080020a4   Section        0  main.o(i.main)
    i.pushColor                              0x08002510   Section        0  ili9341.o(i.pushColor)
    pushColor                                0x08002511   Thumb Code    18  ili9341.o(i.pushColor)
    i.setAddrWindow                          0x08002524   Section        0  ili9341.o(i.setAddrWindow)
    setAddrWindow                            0x08002525   Thumb Code   106  ili9341.o(i.setAddrWindow)
    i.spi_init                               0x08002598   Section        0  spi.o(i.spi_init)
    i.spi_write                              0x08002604   Section        0  spi.o(i.spi_write)
    i.systick_init                           0x0800262c   Section        0  delay.o(i.systick_init)
    locale$$code                             0x08002644   Section       44  lc_numeric_c.o(locale$$code)
    x$fpl$d2f                                0x08002670   Section       98  d2f.o(x$fpl$d2f)
    $v0                                      0x08002670   Number         0  d2f.o(x$fpl$d2f)
    x$fpl$dadd                               0x080026d4   Section      336  daddsub_clz.o(x$fpl$dadd)
    $v0                                      0x080026d4   Number         0  daddsub_clz.o(x$fpl$dadd)
    _dadd1                                   0x080026e5   Thumb Code     0  daddsub_clz.o(x$fpl$dadd)
    x$fpl$ddiv                               0x08002824   Section      688  ddiv.o(x$fpl$ddiv)
    $v0                                      0x08002824   Number         0  ddiv.o(x$fpl$ddiv)
    ddiv_entry                               0x0800282b   Thumb Code     0  ddiv.o(x$fpl$ddiv)
    x$fpl$dmul                               0x08002ad4   Section      340  dmul.o(x$fpl$dmul)
    $v0                                      0x08002ad4   Number         0  dmul.o(x$fpl$dmul)
    x$fpl$dnaninf                            0x08002c28   Section      156  dnaninf.o(x$fpl$dnaninf)
    $v0                                      0x08002c28   Number         0  dnaninf.o(x$fpl$dnaninf)
    x$fpl$dretinf                            0x08002cc4   Section       12  dretinf.o(x$fpl$dretinf)
    $v0                                      0x08002cc4   Number         0  dretinf.o(x$fpl$dretinf)
    x$fpl$dsub                               0x08002cd0   Section      468  daddsub_clz.o(x$fpl$dsub)
    $v0                                      0x08002cd0   Number         0  daddsub_clz.o(x$fpl$dsub)
    _dsub1                                   0x08002ce1   Thumb Code     0  daddsub_clz.o(x$fpl$dsub)
    x$fpl$f2d                                0x08002ea4   Section       86  f2d.o(x$fpl$f2d)
    $v0                                      0x08002ea4   Number         0  f2d.o(x$fpl$f2d)
    x$fpl$fnaninf                            0x08002efa   Section      140  fnaninf.o(x$fpl$fnaninf)
    $v0                                      0x08002efa   Number         0  fnaninf.o(x$fpl$fnaninf)
    x$fpl$fpinit                             0x08002f86   Section       10  fpinit.o(x$fpl$fpinit)
    $v0                                      0x08002f86   Number         0  fpinit.o(x$fpl$fpinit)
    x$fpl$fretinf                            0x08002f90   Section       10  fretinf.o(x$fpl$fretinf)
    $v0                                      0x08002f90   Number         0  fretinf.o(x$fpl$fretinf)
    x$fpl$printf1                            0x08002f9a   Section        4  printf1.o(x$fpl$printf1)
    $v0                                      0x08002f9a   Number         0  printf1.o(x$fpl$printf1)
    .constdata                               0x08002f9e   Section     1280  ili9341.o(.constdata)
    x$fpl$usenofp                            0x08002f9e   Section        0  usenofp.o(x$fpl$usenofp)
    Font                                     0x08002f9e   Data        1280  ili9341.o(.constdata)
    .constdata                               0x0800349e   Section       16  system_stm32f4xx.o(.constdata)
    .constdata                               0x080034b0   Section      148  bigflt0.o(.constdata)
    tenpwrs_x                                0x080034b0   Data          60  bigflt0.o(.constdata)
    tenpwrs_i                                0x080034ec   Data          64  bigflt0.o(.constdata)
    locale$$data                             0x08003564   Section       28  lc_numeric_c.o(locale$$data)
    __lcnum_c_name                           0x08003568   Data           2  lc_numeric_c.o(locale$$data)
    __lcnum_c_start                          0x08003570   Data           0  lc_numeric_c.o(locale$$data)
    __lcnum_c_point                          0x0800357c   Data           0  lc_numeric_c.o(locale$$data)
    __lcnum_c_thousands                      0x0800357e   Data           0  lc_numeric_c.o(locale$$data)
    __lcnum_c_grouping                       0x0800357f   Data           0  lc_numeric_c.o(locale$$data)
    __lcnum_c_end                            0x08003580   Data           0  lc_numeric_c.o(locale$$data)
    .data                                    0x20000000   Section      112  main.o(.data)
    .data                                    0x20000070   Section        4  ili9341.o(.data)
    _cp437                                   0x20000070   Data           1  ili9341.o(.data)
    rotationNum                              0x20000071   Data           1  ili9341.o(.data)
    ColStart                                 0x20000072   Data           1  ili9341.o(.data)
    RowStart                                 0x20000073   Data           1  ili9341.o(.data)
    .data                                    0x20000078   Section       50  mpu9250.o(.data)
    .data                                    0x200000ac   Section        4  system_stm32f4xx.o(.data)
    .bss                                     0x200000b0   Section       96  libspace.o(.bss)
    HEAP                                     0x20000110   Section      512  startup_stm32f407xx.o(HEAP)
    Heap_Mem                                 0x20000110   Data         512  startup_stm32f407xx.o(HEAP)
    STACK                                    0x20000310   Section     1024  startup_stm32f407xx.o(STACK)
    Stack_Mem                                0x20000310   Data        1024  startup_stm32f407xx.o(STACK)
    __initial_sp                             0x20000710   Data           0  startup_stm32f407xx.o(STACK)

    Global Symbols

    Symbol Name                              Value     Ov Type        Size  Object(Section)

    BuildAttributes$$THM_ISAv4$E$P$D$K$B$S$7EM$VFPi3$EXTD16$VFPS$VFMA$PE$A:L22UL41UL21$X:L11$S22US41US21$IEEE1$IW$USESV6$~STKCKD$USESV7$~SHL$OTIME$ROPI$IEEEX$EBA8$UX$STANDARDLIB$REQ8$PRES8$EABIv2 0x00000000   Number         0  anon$$obj.o ABSOLUTE
    __ARM_use_no_argv                        0x00000000   Number         0  main.o ABSOLUTE
    __ARM_exceptions_init                     - Undefined Weak Reference
    __alloca_initialize                       - Undefined Weak Reference
    __arm_preinit_                            - Undefined Weak Reference
    __cpp_initialize__aeabi_                  - Undefined Weak Reference
    __cxa_finalize                            - Undefined Weak Reference
    __sigvec_lookup                           - Undefined Weak Reference
    _atexit_init                              - Undefined Weak Reference
    _call_atexit_fns                          - Undefined Weak Reference
    _clock_init                               - Undefined Weak Reference
    _fp_trap_init                             - Undefined Weak Reference
    _fp_trap_shutdown                         - Undefined Weak Reference
    _get_lc_collate                           - Undefined Weak Reference
    _get_lc_ctype                             - Undefined Weak Reference
    _get_lc_monetary                          - Undefined Weak Reference
    _get_lc_time                              - Undefined Weak Reference
    _getenv_init                              - Undefined Weak Reference
    _handle_redirection                       - Undefined Weak Reference
    _init_alloc                               - Undefined Weak Reference
    _init_user_alloc                          - Undefined Weak Reference
    _initio                                   - Undefined Weak Reference
    _printf_post_padding                      - Undefined Weak Reference
    _printf_pre_padding                       - Undefined Weak Reference
    _rand_init                                - Undefined Weak Reference
    _signal_finish                            - Undefined Weak Reference
    _signal_init                              - Undefined Weak Reference
    _terminate_alloc                          - Undefined Weak Reference
    _terminate_user_alloc                     - Undefined Weak Reference
    _terminateio                              - Undefined Weak Reference
    __Vectors_Size                           0x00000188   Number         0  startup_stm32f407xx.o ABSOLUTE
    __Vectors                                0x08000000   Data           4  startup_stm32f407xx.o(RESET)
    __Vectors_End                            0x08000188   Data           0  startup_stm32f407xx.o(RESET)
    __main                                   0x08000189   Thumb Code     8  __main.o(!!!main)
    __scatterload                            0x08000191   Thumb Code     0  __scatter.o(!!!scatter)
    __scatterload_rt2                        0x08000191   Thumb Code    44  __scatter.o(!!!scatter)
    __scatterload_rt2_thumb_only             0x08000191   Thumb Code     0  __scatter.o(!!!scatter)
    __scatterload_null                       0x0800019f   Thumb Code     0  __scatter.o(!!!scatter)
    __scatterload_copy                       0x080001c5   Thumb Code    26  __scatter_copy.o(!!handler_copy)
    __scatterload_zeroinit                   0x080001e1   Thumb Code    28  __scatter_zi.o(!!handler_zi)
    _printf_f                                0x080001fd   Thumb Code     0  _printf_f.o(.ARM.Collect$$_printf_percent$$00000003)
    _printf_percent                          0x080001fd   Thumb Code     0  _printf_percent.o(.ARM.Collect$$_printf_percent$$00000000)
    _printf_percent_end                      0x08000203   Thumb Code     0  _printf_percent_end.o(.ARM.Collect$$_printf_percent$$00000017)
    __rt_lib_init                            0x08000207   Thumb Code     0  libinit.o(.ARM.Collect$$libinit$$00000000)
    __rt_lib_init_fp_1                       0x08000209   Thumb Code     0  libinit2.o(.ARM.Collect$$libinit$$00000001)
    __rt_lib_init_heap_1                     0x0800020d   Thumb Code     0  libinit2.o(.ARM.Collect$$libinit$$0000000A)
    __rt_lib_init_lc_common                  0x0800020d   Thumb Code     0  libinit2.o(.ARM.Collect$$libinit$$0000000F)
    __rt_lib_init_preinit_1                  0x0800020d   Thumb Code     0  libinit2.o(.ARM.Collect$$libinit$$00000004)
    __rt_lib_init_rand_1                     0x0800020d   Thumb Code     0  libinit2.o(.ARM.Collect$$libinit$$0000000E)
    __rt_lib_init_user_alloc_1               0x0800020d   Thumb Code     0  libinit2.o(.ARM.Collect$$libinit$$0000000C)
    __rt_lib_init_lc_collate_1               0x08000213   Thumb Code     0  libinit2.o(.ARM.Collect$$libinit$$00000011)
    __rt_lib_init_lc_ctype_1                 0x08000213   Thumb Code     0  libinit2.o(.ARM.Collect$$libinit$$00000013)
    __rt_lib_init_lc_monetary_1              0x08000213   Thumb Code     0  libinit2.o(.ARM.Collect$$libinit$$00000015)
    __rt_lib_init_lc_numeric_2               0x08000213   Thumb Code     0  libinit2.o(.ARM.Collect$$libinit$$00000016)
    __rt_lib_init_alloca_1                   0x0800021d   Thumb Code     0  libinit2.o(.ARM.Collect$$libinit$$0000002E)
    __rt_lib_init_argv_1                     0x0800021d   Thumb Code     0  libinit2.o(.ARM.Collect$$libinit$$0000002C)
    __rt_lib_init_atexit_1                   0x0800021d   Thumb Code     0  libinit2.o(.ARM.Collect$$libinit$$0000001B)
    __rt_lib_init_clock_1                    0x0800021d   Thumb Code     0  libinit2.o(.ARM.Collect$$libinit$$00000021)
    __rt_lib_init_cpp_1                      0x0800021d   Thumb Code     0  libinit2.o(.ARM.Collect$$libinit$$00000032)
    __rt_lib_init_exceptions_1               0x0800021d   Thumb Code     0  libinit2.o(.ARM.Collect$$libinit$$00000030)
    __rt_lib_init_fp_trap_1                  0x0800021d   Thumb Code     0  libinit2.o(.ARM.Collect$$libinit$$0000001F)
    __rt_lib_init_getenv_1                   0x0800021d   Thumb Code     0  libinit2.o(.ARM.Collect$$libinit$$00000023)
    __rt_lib_init_lc_numeric_1               0x0800021d   Thumb Code     0  libinit2.o(.ARM.Collect$$libinit$$00000017)
    __rt_lib_init_lc_time_1                  0x0800021d   Thumb Code     0  libinit2.o(.ARM.Collect$$libinit$$00000019)
    __rt_lib_init_return                     0x0800021d   Thumb Code     0  libinit2.o(.ARM.Collect$$libinit$$00000033)
    __rt_lib_init_signal_1                   0x0800021d   Thumb Code     0  libinit2.o(.ARM.Collect$$libinit$$0000001D)
    __rt_lib_init_stdio_1                    0x0800021d   Thumb Code     0  libinit2.o(.ARM.Collect$$libinit$$00000025)
    __rt_lib_shutdown                        0x0800021f   Thumb Code     0  libshutdown.o(.ARM.Collect$$libshutdown$$00000000)
    __rt_lib_shutdown_cpp_1                  0x08000221   Thumb Code     0  libshutdown2.o(.ARM.Collect$$libshutdown$$00000002)
    __rt_lib_shutdown_fp_trap_1              0x08000221   Thumb Code     0  libshutdown2.o(.ARM.Collect$$libshutdown$$00000007)
    __rt_lib_shutdown_heap_1                 0x08000221   Thumb Code     0  libshutdown2.o(.ARM.Collect$$libshutdown$$0000000F)
    __rt_lib_shutdown_return                 0x08000221   Thumb Code     0  libshutdown2.o(.ARM.Collect$$libshutdown$$00000010)
    __rt_lib_shutdown_signal_1               0x08000221   Thumb Code     0  libshutdown2.o(.ARM.Collect$$libshutdown$$0000000A)
    __rt_lib_shutdown_stdio_1                0x08000221   Thumb Code     0  libshutdown2.o(.ARM.Collect$$libshutdown$$00000004)
    __rt_lib_shutdown_user_alloc_1           0x08000221   Thumb Code     0  libshutdown2.o(.ARM.Collect$$libshutdown$$0000000C)
    __rt_entry                               0x08000223   Thumb Code     0  __rtentry.o(.ARM.Collect$$rtentry$$00000000)
    __rt_entry_presh_1                       0x08000223   Thumb Code     0  __rtentry2.o(.ARM.Collect$$rtentry$$00000002)
    __rt_entry_sh                            0x08000223   Thumb Code     0  __rtentry4.o(.ARM.Collect$$rtentry$$00000004)
    __rt_entry_li                            0x08000229   Thumb Code     0  __rtentry2.o(.ARM.Collect$$rtentry$$0000000A)
    __rt_entry_postsh_1                      0x08000229   Thumb Code     0  __rtentry2.o(.ARM.Collect$$rtentry$$00000009)
    __rt_entry_main                          0x0800022d   Thumb Code     0  __rtentry2.o(.ARM.Collect$$rtentry$$0000000D)
    __rt_entry_postli_1                      0x0800022d   Thumb Code     0  __rtentry2.o(.ARM.Collect$$rtentry$$0000000C)
    __rt_exit                                0x08000235   Thumb Code     0  rtexit.o(.ARM.Collect$$rtexit$$00000000)
    __rt_exit_ls                             0x08000237   Thumb Code     0  rtexit2.o(.ARM.Collect$$rtexit$$00000003)
    __rt_exit_prels_1                        0x08000237   Thumb Code     0  rtexit2.o(.ARM.Collect$$rtexit$$00000002)
    __rt_exit_exit                           0x0800023b   Thumb Code     0  rtexit2.o(.ARM.Collect$$rtexit$$00000004)
    Reset_Handler                            0x08000241   Thumb Code     8  startup_stm32f407xx.o(.text)
    NMI_Handler                              0x08000249   Thumb Code     2  startup_stm32f407xx.o(.text)
    HardFault_Handler                        0x0800024b   Thumb Code     2  startup_stm32f407xx.o(.text)
    MemManage_Handler                        0x0800024d   Thumb Code     2  startup_stm32f407xx.o(.text)
    BusFault_Handler                         0x0800024f   Thumb Code     2  startup_stm32f407xx.o(.text)
    UsageFault_Handler                       0x08000251   Thumb Code     2  startup_stm32f407xx.o(.text)
    SVC_Handler                              0x08000253   Thumb Code     2  startup_stm32f407xx.o(.text)
    DebugMon_Handler                         0x08000255   Thumb Code     2  startup_stm32f407xx.o(.text)
    PendSV_Handler                           0x08000257   Thumb Code     2  startup_stm32f407xx.o(.text)
    SysTick_Handler                          0x08000259   Thumb Code     2  startup_stm32f407xx.o(.text)
    ADC_IRQHandler                           0x0800025b   Thumb Code     0  startup_stm32f407xx.o(.text)
    CAN1_RX0_IRQHandler                      0x0800025b   Thumb Code     0  startup_stm32f407xx.o(.text)
    CAN1_RX1_IRQHandler                      0x0800025b   Thumb Code     0  startup_stm32f407xx.o(.text)
    CAN1_SCE_IRQHandler                      0x0800025b   Thumb Code     0  startup_stm32f407xx.o(.text)
    CAN1_TX_IRQHandler                       0x0800025b   Thumb Code     0  startup_stm32f407xx.o(.text)
    CAN2_RX0_IRQHandler                      0x0800025b   Thumb Code     0  startup_stm32f407xx.o(.text)
    CAN2_RX1_IRQHandler                      0x0800025b   Thumb Code     0  startup_stm32f407xx.o(.text)
    CAN2_SCE_IRQHandler                      0x0800025b   Thumb Code     0  startup_stm32f407xx.o(.text)
    CAN2_TX_IRQHandler                       0x0800025b   Thumb Code     0  startup_stm32f407xx.o(.text)
    DCMI_IRQHandler                          0x0800025b   Thumb Code     0  startup_stm32f407xx.o(.text)
    DMA1_Stream0_IRQHandler                  0x0800025b   Thumb Code     0  startup_stm32f407xx.o(.text)
    DMA1_Stream1_IRQHandler                  0x0800025b   Thumb Code     0  startup_stm32f407xx.o(.text)
    DMA1_Stream2_IRQHandler                  0x0800025b   Thumb Code     0  startup_stm32f407xx.o(.text)
    DMA1_Stream3_IRQHandler                  0x0800025b   Thumb Code     0  startup_stm32f407xx.o(.text)
    DMA1_Stream4_IRQHandler                  0x0800025b   Thumb Code     0  startup_stm32f407xx.o(.text)
    DMA1_Stream5_IRQHandler                  0x0800025b   Thumb Code     0  startup_stm32f407xx.o(.text)
    DMA1_Stream6_IRQHandler                  0x0800025b   Thumb Code     0  startup_stm32f407xx.o(.text)
    DMA1_Stream7_IRQHandler                  0x0800025b   Thumb Code     0  startup_stm32f407xx.o(.text)
    DMA2_Stream0_IRQHandler                  0x0800025b   Thumb Code     0  startup_stm32f407xx.o(.text)
    DMA2_Stream1_IRQHandler                  0x0800025b   Thumb Code     0  startup_stm32f407xx.o(.text)
    DMA2_Stream2_IRQHandler                  0x0800025b   Thumb Code     0  startup_stm32f407xx.o(.text)
    DMA2_Stream3_IRQHandler                  0x0800025b   Thumb Code     0  startup_stm32f407xx.o(.text)
    DMA2_Stream4_IRQHandler                  0x0800025b   Thumb Code     0  startup_stm32f407xx.o(.text)
    DMA2_Stream5_IRQHandler                  0x0800025b   Thumb Code     0  startup_stm32f407xx.o(.text)
    DMA2_Stream6_IRQHandler                  0x0800025b   Thumb Code     0  startup_stm32f407xx.o(.text)
    DMA2_Stream7_IRQHandler                  0x0800025b   Thumb Code     0  startup_stm32f407xx.o(.text)
    ETH_IRQHandler                           0x0800025b   Thumb Code     0  startup_stm32f407xx.o(.text)
    ETH_WKUP_IRQHandler                      0x0800025b   Thumb Code     0  startup_stm32f407xx.o(.text)
    EXTI0_IRQHandler                         0x0800025b   Thumb Code     0  startup_stm32f407xx.o(.text)
    EXTI15_10_IRQHandler                     0x0800025b   Thumb Code     0  startup_stm32f407xx.o(.text)
    EXTI1_IRQHandler                         0x0800025b   Thumb Code     0  startup_stm32f407xx.o(.text)
    EXTI2_IRQHandler                         0x0800025b   Thumb Code     0  startup_stm32f407xx.o(.text)
    EXTI3_IRQHandler                         0x0800025b   Thumb Code     0  startup_stm32f407xx.o(.text)
    EXTI4_IRQHandler                         0x0800025b   Thumb Code     0  startup_stm32f407xx.o(.text)
    EXTI9_5_IRQHandler                       0x0800025b   Thumb Code     0  startup_stm32f407xx.o(.text)
    FLASH_IRQHandler                         0x0800025b   Thumb Code     0  startup_stm32f407xx.o(.text)
    FMC_IRQHandler                           0x0800025b   Thumb Code     0  startup_stm32f407xx.o(.text)
    FPU_IRQHandler                           0x0800025b   Thumb Code     0  startup_stm32f407xx.o(.text)
    HASH_RNG_IRQHandler                      0x0800025b   Thumb Code     0  startup_stm32f407xx.o(.text)
    I2C1_ER_IRQHandler                       0x0800025b   Thumb Code     0  startup_stm32f407xx.o(.text)
    I2C1_EV_IRQHandler                       0x0800025b   Thumb Code     0  startup_stm32f407xx.o(.text)
    I2C2_ER_IRQHandler                       0x0800025b   Thumb Code     0  startup_stm32f407xx.o(.text)
    I2C2_EV_IRQHandler                       0x0800025b   Thumb Code     0  startup_stm32f407xx.o(.text)
    I2C3_ER_IRQHandler                       0x0800025b   Thumb Code     0  startup_stm32f407xx.o(.text)
    I2C3_EV_IRQHandler                       0x0800025b   Thumb Code     0  startup_stm32f407xx.o(.text)
    OTG_FS_IRQHandler                        0x0800025b   Thumb Code     0  startup_stm32f407xx.o(.text)
    OTG_FS_WKUP_IRQHandler                   0x0800025b   Thumb Code     0  startup_stm32f407xx.o(.text)
    OTG_HS_EP1_IN_IRQHandler                 0x0800025b   Thumb Code     0  startup_stm32f407xx.o(.text)
    OTG_HS_EP1_OUT_IRQHandler                0x0800025b   Thumb Code     0  startup_stm32f407xx.o(.text)
    OTG_HS_IRQHandler                        0x0800025b   Thumb Code     0  startup_stm32f407xx.o(.text)
    OTG_HS_WKUP_IRQHandler                   0x0800025b   Thumb Code     0  startup_stm32f407xx.o(.text)
    PVD_IRQHandler                           0x0800025b   Thumb Code     0  startup_stm32f407xx.o(.text)
    RCC_IRQHandler                           0x0800025b   Thumb Code     0  startup_stm32f407xx.o(.text)
    RTC_Alarm_IRQHandler                     0x0800025b   Thumb Code     0  startup_stm32f407xx.o(.text)
    RTC_WKUP_IRQHandler                      0x0800025b   Thumb Code     0  startup_stm32f407xx.o(.text)
    SDIO_IRQHandler                          0x0800025b   Thumb Code     0  startup_stm32f407xx.o(.text)
    SPI1_IRQHandler                          0x0800025b   Thumb Code     0  startup_stm32f407xx.o(.text)
    SPI2_IRQHandler                          0x0800025b   Thumb Code     0  startup_stm32f407xx.o(.text)
    SPI3_IRQHandler                          0x0800025b   Thumb Code     0  startup_stm32f407xx.o(.text)
    TAMP_STAMP_IRQHandler                    0x0800025b   Thumb Code     0  startup_stm32f407xx.o(.text)
    TIM1_BRK_TIM9_IRQHandler                 0x0800025b   Thumb Code     0  startup_stm32f407xx.o(.text)
    TIM1_CC_IRQHandler                       0x0800025b   Thumb Code     0  startup_stm32f407xx.o(.text)
    TIM1_TRG_COM_TIM11_IRQHandler            0x0800025b   Thumb Code     0  startup_stm32f407xx.o(.text)
    TIM1_UP_TIM10_IRQHandler                 0x0800025b   Thumb Code     0  startup_stm32f407xx.o(.text)
    TIM2_IRQHandler                          0x0800025b   Thumb Code     0  startup_stm32f407xx.o(.text)
    TIM3_IRQHandler                          0x0800025b   Thumb Code     0  startup_stm32f407xx.o(.text)
    TIM4_IRQHandler                          0x0800025b   Thumb Code     0  startup_stm32f407xx.o(.text)
    TIM5_IRQHandler                          0x0800025b   Thumb Code     0  startup_stm32f407xx.o(.text)
    TIM6_DAC_IRQHandler                      0x0800025b   Thumb Code     0  startup_stm32f407xx.o(.text)
    TIM7_IRQHandler                          0x0800025b   Thumb Code     0  startup_stm32f407xx.o(.text)
    TIM8_BRK_TIM12_IRQHandler                0x0800025b   Thumb Code     0  startup_stm32f407xx.o(.text)
    TIM8_CC_IRQHandler                       0x0800025b   Thumb Code     0  startup_stm32f407xx.o(.text)
    TIM8_TRG_COM_TIM14_IRQHandler            0x0800025b   Thumb Code     0  startup_stm32f407xx.o(.text)
    TIM8_UP_TIM13_IRQHandler                 0x0800025b   Thumb Code     0  startup_stm32f407xx.o(.text)
    UART4_IRQHandler                         0x0800025b   Thumb Code     0  startup_stm32f407xx.o(.text)
    UART5_IRQHandler                         0x0800025b   Thumb Code     0  startup_stm32f407xx.o(.text)
    USART1_IRQHandler                        0x0800025b   Thumb Code     0  startup_stm32f407xx.o(.text)
    USART2_IRQHandler                        0x0800025b   Thumb Code     0  startup_stm32f407xx.o(.text)
    USART3_IRQHandler                        0x0800025b   Thumb Code     0  startup_stm32f407xx.o(.text)
    USART6_IRQHandler                        0x0800025b   Thumb Code     0  startup_stm32f407xx.o(.text)
    WWDG_IRQHandler                          0x0800025b   Thumb Code     0  startup_stm32f407xx.o(.text)
    __user_initial_stackheap                 0x0800025d   Thumb Code     0  startup_stm32f407xx.o(.text)
    __2sprintf                               0x08000281   Thumb Code    34  noretval__2sprintf.o(.text)
    __printf                                 0x080002a9   Thumb Code   104  __printf.o(.text)
    __use_two_region_memory                  0x08000311   Thumb Code     2  heapauxi.o(.text)
    __rt_heap_escrow$2region                 0x08000313   Thumb Code     2  heapauxi.o(.text)
    __rt_heap_expand$2region                 0x08000315   Thumb Code     2  heapauxi.o(.text)
    __lib_sel_fp_printf                      0x08000317   Thumb Code     2  _printf_fp_dec.o(.text)
    _printf_fp_dec_real                      0x080004c9   Thumb Code   620  _printf_fp_dec.o(.text)
    _printf_char_common                      0x0800073f   Thumb Code    32  _printf_char_common.o(.text)
    _sputc                                   0x08000765   Thumb Code    10  _sputc.o(.text)
    __rt_locale                              0x08000771   Thumb Code     8  rt_locale_intlibspace.o(.text)
    _ll_udiv10                               0x08000779   Thumb Code   138  lludiv10.o(.text)
    _printf_fp_infnan                        0x08000805   Thumb Code   112  _printf_fp_infnan.o(.text)
    _btod_etento                             0x08000885   Thumb Code   224  bigflt0.o(.text)
    __user_libspace                          0x08000969   Thumb Code     8  libspace.o(.text)
    __user_perproc_libspace                  0x08000969   Thumb Code     0  libspace.o(.text)
    __user_perthread_libspace                0x08000969   Thumb Code     0  libspace.o(.text)
    __user_setup_stackheap                   0x08000971   Thumb Code    74  sys_stackheap_outer.o(.text)
    exit                                     0x080009bb   Thumb Code    18  exit.o(.text)
    strcmp                                   0x080009cd   Thumb Code   128  strcmpv7m.o(.text)
    _sys_exit                                0x08000a4d   Thumb Code     8  sys_exit.o(.text)
    __I$use$semihosting                      0x08000a59   Thumb Code     0  use_no_semi.o(.text)
    __use_no_semihosting_swi                 0x08000a59   Thumb Code     2  use_no_semi.o(.text)
    __semihosting_library_function           0x08000a5b   Thumb Code     0  indicate_semi.o(.text)
    _btod_d2e                                0x08000a5b   Thumb Code    62  btod.o(CL$$btod_d2e)
    _d2e_denorm_low                          0x08000a99   Thumb Code    70  btod.o(CL$$btod_d2e_denorm_low)
    _d2e_norm_op1                            0x08000adf   Thumb Code    96  btod.o(CL$$btod_d2e_norm_op1)
    __btod_div_common                        0x08000b3f   Thumb Code   696  btod.o(CL$$btod_div_common)
    _e2e                                     0x08000e77   Thumb Code   220  btod.o(CL$$btod_e2e)
    _btod_ediv                               0x08000f53   Thumb Code    42  btod.o(CL$$btod_ediv)
    _btod_emul                               0x08000f7d   Thumb Code    42  btod.o(CL$$btod_emul)
    __btod_mult_common                       0x08000fa7   Thumb Code   580  btod.o(CL$$btod_mult_common)
    GPIO_Init                                0x080011ed   Thumb Code    26  ili9341.o(i.GPIO_Init)
    ILI9341_DrawChar                         0x08001211   Thumb Code   250  ili9341.o(i.ILI9341_DrawChar)
    ILI9341_DrawString                       0x08001311   Thumb Code    78  ili9341.o(i.ILI9341_DrawString)
    ILI9341_Fill                             0x08001361   Thumb Code    94  ili9341.o(i.ILI9341_Fill)
    ILI9341_Init                             0x080013c5   Thumb Code   306  ili9341.o(i.ILI9341_Init)
    ILI9341_SendCommand                      0x080014fd   Thumb Code    52  ili9341.o(i.ILI9341_SendCommand)
    ILI9341_SendData                         0x08001535   Thumb Code    52  ili9341.o(i.ILI9341_SendData)
    ILI9341_SetCursorPosition                0x0800156d   Thumb Code    82  ili9341.o(i.ILI9341_SetCursorPosition)
    ILI9341_setRotation                      0x080015c1   Thumb Code   126  ili9341.o(i.ILI9341_setRotation)
    MPU9250_accelGet                         0x08001645   Thumb Code    98  mpu9250.o(i.MPU9250_accelGet)
    MPU9250_accelUpdate                      0x080016b9   Thumb Code   112  mpu9250.o(i.MPU9250_accelUpdate)
    MPU9250_accelX                           0x0800172d   Thumb Code    12  mpu9250.o(i.MPU9250_accelX)
    MPU9250_accelY                           0x08001739   Thumb Code    12  mpu9250.o(i.MPU9250_accelY)
    MPU9250_accelZ                           0x08001745   Thumb Code    12  mpu9250.o(i.MPU9250_accelZ)
    MPU9250_beginAccel                       0x08001751   Thumb Code    92  mpu9250.o(i.MPU9250_beginAccel)
    MPU9250_beginGyro                        0x080017d1   Thumb Code    92  mpu9250.o(i.MPU9250_beginGyro)
    MPU9250_beginMag                         0x08001851   Thumb Code    36  mpu9250.o(i.MPU9250_beginMag)
    MPU9250_gyroGet                          0x08001875   Thumb Code    98  mpu9250.o(i.MPU9250_gyroGet)
    MPU9250_gyroUpdate                       0x080018e9   Thumb Code   112  mpu9250.o(i.MPU9250_gyroUpdate)
    MPU9250_gyroX                            0x0800195d   Thumb Code    12  mpu9250.o(i.MPU9250_gyroX)
    MPU9250_gyroY                            0x08001969   Thumb Code    12  mpu9250.o(i.MPU9250_gyroY)
    MPU9250_gyroZ                            0x08001975   Thumb Code    12  mpu9250.o(i.MPU9250_gyroZ)
    MPU9250_magGet                           0x08001981   Thumb Code    18  mpu9250.o(i.MPU9250_magGet)
    MPU9250_magUpdate                        0x08001999   Thumb Code   130  mpu9250.o(i.MPU9250_magUpdate)
    MPU9250_magX                             0x08001a21   Thumb Code    42  mpu9250.o(i.MPU9250_magX)
    MPU9250_magY                             0x08001a55   Thumb Code    42  mpu9250.o(i.MPU9250_magY)
    MPU9250_magZ                             0x08001a89   Thumb Code    42  mpu9250.o(i.MPU9250_magZ)
    SystemCoreClockUpdate                    0x08001b5d   Thumb Code   170  system_stm32f4xx.o(i.SystemCoreClockUpdate)
    SystemInit                               0x08001c1d   Thumb Code    88  system_stm32f4xx.o(i.SystemInit)
    __ARM_fpclassify                         0x08001c85   Thumb Code    48  fpclassify.o(i.__ARM_fpclassify)
    adjustMagValue                           0x08001cb5   Thumb Code   134  mpu9250.o(i.adjustMagValue)
    delay                                    0x08001d59   Thumb Code    52  delay.o(i.delay)
    delayuS                                  0x08001d91   Thumb Code    52  delay.o(i.delayuS)
    i2c_init                                 0x08001dc5   Thumb Code   124  i2c.o(i.i2c_init)
    i2c_readByte                             0x08001e4d   Thumb Code   240  i2c.o(i.i2c_readByte)
    i2c_writeByte                            0x08001f41   Thumb Code   156  i2c.o(i.i2c_writeByte)
    magEnableSlaveMode                       0x08001fe1   Thumb Code    42  mpu9250.o(i.magEnableSlaveMode)
    magReadAdjustValues                      0x0800200d   Thumb Code    74  mpu9250.o(i.magReadAdjustValues)
    magSetMode                               0x08002065   Thumb Code    22  mpu9250.o(i.magSetMode)
    magWakeup                                0x0800207b   Thumb Code    42  mpu9250.o(i.magWakeup)
    main                                     0x080020a5   Thumb Code   804  main.o(i.main)
    spi_init                                 0x08002599   Thumb Code    92  spi.o(i.spi_init)
    spi_write                                0x08002605   Thumb Code    34  spi.o(i.spi_write)
    systick_init                             0x0800262d   Thumb Code    18  delay.o(i.systick_init)
    _get_lc_numeric                          0x08002645   Thumb Code    44  lc_numeric_c.o(locale$$code)
    __aeabi_d2f                              0x08002671   Thumb Code     0  d2f.o(x$fpl$d2f)
    _d2f                                     0x08002671   Thumb Code    98  d2f.o(x$fpl$d2f)
    __aeabi_dadd                             0x080026d5   Thumb Code     0  daddsub_clz.o(x$fpl$dadd)
    _dadd                                    0x080026d5   Thumb Code   332  daddsub_clz.o(x$fpl$dadd)
    __aeabi_ddiv                             0x08002825   Thumb Code     0  ddiv.o(x$fpl$ddiv)
    _ddiv                                    0x08002825   Thumb Code   552  ddiv.o(x$fpl$ddiv)
    __aeabi_dmul                             0x08002ad5   Thumb Code     0  dmul.o(x$fpl$dmul)
    _dmul                                    0x08002ad5   Thumb Code   332  dmul.o(x$fpl$dmul)
    __fpl_dnaninf                            0x08002c29   Thumb Code   156  dnaninf.o(x$fpl$dnaninf)
    __fpl_dretinf                            0x08002cc5   Thumb Code    12  dretinf.o(x$fpl$dretinf)
    __aeabi_dsub                             0x08002cd1   Thumb Code     0  daddsub_clz.o(x$fpl$dsub)
    _dsub                                    0x08002cd1   Thumb Code   464  daddsub_clz.o(x$fpl$dsub)
    __aeabi_f2d                              0x08002ea5   Thumb Code     0  f2d.o(x$fpl$f2d)
    _f2d                                     0x08002ea5   Thumb Code    86  f2d.o(x$fpl$f2d)
    __fpl_fnaninf                            0x08002efb   Thumb Code   140  fnaninf.o(x$fpl$fnaninf)
    _fp_init                                 0x08002f87   Thumb Code    10  fpinit.o(x$fpl$fpinit)
    __fplib_config_fpu_vfp                   0x08002f8f   Thumb Code     0  fpinit.o(x$fpl$fpinit)
    __fplib_config_pureend_doubles           0x08002f8f   Thumb Code     0  fpinit.o(x$fpl$fpinit)
    __fpl_fretinf                            0x08002f91   Thumb Code    10  fretinf.o(x$fpl$fretinf)
    _printf_fp_dec                           0x08002f9b   Thumb Code     4  printf1.o(x$fpl$printf1)
    __I$use$fp                               0x08002f9e   Number         0  usenofp.o(x$fpl$usenofp)
    AHBPrescTable                            0x0800349e   Data          16  system_stm32f4xx.o(.constdata)
    Region$$Table$$Base                      0x08003544   Number         0  anon$$obj.o(Region$$Table)
    Region$$Table$$Limit                     0x08003564   Number         0  anon$$obj.o(Region$$Table)
    accx                                     0x20000000   Data           4  main.o(.data)
    accy                                     0x20000004   Data           4  main.o(.data)
    accz                                     0x20000008   Data           4  main.o(.data)
    gyrox                                    0x2000000c   Data           4  main.o(.data)
    gyroy                                    0x20000010   Data           4  main.o(.data)
    gyroz                                    0x20000014   Data           4  main.o(.data)
    comx                                     0x20000018   Data           4  main.o(.data)
    comy                                     0x2000001c   Data           4  main.o(.data)
    comz                                     0x20000020   Data           4  main.o(.data)
    dir                                      0x20000024   Data           4  main.o(.data)
    strax                                    0x20000028   Data           8  main.o(.data)
    stray                                    0x20000030   Data           8  main.o(.data)
    straz                                    0x20000038   Data           8  main.o(.data)
    strgx                                    0x20000040   Data           8  main.o(.data)
    strgy                                    0x20000048   Data           8  main.o(.data)
    strgz                                    0x20000050   Data           8  main.o(.data)
    strcx                                    0x20000058   Data           8  main.o(.data)
    strcy                                    0x20000060   Data           8  main.o(.data)
    strcz                                    0x20000068   Data           8  main.o(.data)
    accelRange                               0x20000078   Data           8  mpu9250.o(.data)
    gyroRange                                0x20000080   Data           8  mpu9250.o(.data)
    magBuf                                   0x20000088   Data           7  mpu9250.o(.data)
    magXAdjust                               0x2000008f   Data           1  mpu9250.o(.data)
    magYAdjust                               0x20000090   Data           1  mpu9250.o(.data)
    magZAdjust                               0x20000091   Data           1  mpu9250.o(.data)
    accelBuf                                 0x20000092   Data           6  mpu9250.o(.data)
    gyroBuf                                  0x20000098   Data           6  mpu9250.o(.data)
    i                                        0x200000a0   Data           4  mpu9250.o(.data)
    magXOffset                               0x200000a4   Data           2  mpu9250.o(.data)
    magYOffset                               0x200000a6   Data           2  mpu9250.o(.data)
    magZOffset                               0x200000a8   Data           2  mpu9250.o(.data)
    SystemCoreClock                          0x200000ac   Data           4  system_stm32f4xx.o(.data)
    __libspace_start                         0x200000b0   Data          96  libspace.o(.bss)
    __temporary_stack_top$libspace           0x20000110   Data           0  libspace.o(.bss)



==============================================================================

Memory Map of the image

  Image Entry point : 0x08000189

  Load Region LR_IROM1 (Base: 0x08000000, Size: 0x00003630, Max: 0x00080000, ABSOLUTE)

    Execution Region ER_IROM1 (Exec base: 0x08000000, Load base: 0x08000000, Size: 0x00003580, Max: 0x00080000, ABSOLUTE)

    Exec Addr    Load Addr    Size         Type   Attr      Idx    E Section Name        Object

    0x08000000   0x08000000   0x00000188   Data   RO          541    RESET               startup_stm32f407xx.o
    0x08000188   0x08000188   0x00000008   Code   RO          621  * !!!main             c_w.l(__main.o)
    0x08000190   0x08000190   0x00000034   Code   RO          963    !!!scatter          c_w.l(__scatter.o)
    0x080001c4   0x080001c4   0x0000001a   Code   RO          965    !!handler_copy      c_w.l(__scatter_copy.o)
    0x080001de   0x080001de   0x00000002   PAD
    0x080001e0   0x080001e0   0x0000001c   Code   RO          967    !!handler_zi        c_w.l(__scatter_zi.o)
    0x080001fc   0x080001fc   0x00000000   Code   RO          618    .ARM.Collect$$_printf_percent$$00000000  c_w.l(_printf_percent.o)
    0x080001fc   0x080001fc   0x00000006   Code   RO          617    .ARM.Collect$$_printf_percent$$00000003  c_w.l(_printf_f.o)
    0x08000202   0x08000202   0x00000004   Code   RO          688    .ARM.Collect$$_printf_percent$$00000017  c_w.l(_printf_percent_end.o)
    0x08000206   0x08000206   0x00000002   Code   RO          832    .ARM.Collect$$libinit$$00000000  c_w.l(libinit.o)
    0x08000208   0x08000208   0x00000004   Code   RO          833    .ARM.Collect$$libinit$$00000001  c_w.l(libinit2.o)
    0x0800020c   0x0800020c   0x00000000   Code   RO          836    .ARM.Collect$$libinit$$00000004  c_w.l(libinit2.o)
    0x0800020c   0x0800020c   0x00000000   Code   RO          839    .ARM.Collect$$libinit$$0000000A  c_w.l(libinit2.o)
    0x0800020c   0x0800020c   0x00000000   Code   RO          841    .ARM.Collect$$libinit$$0000000C  c_w.l(libinit2.o)
    0x0800020c   0x0800020c   0x00000000   Code   RO          843    .ARM.Collect$$libinit$$0000000E  c_w.l(libinit2.o)
    0x0800020c   0x0800020c   0x00000006   Code   RO          844    .ARM.Collect$$libinit$$0000000F  c_w.l(libinit2.o)
    0x08000212   0x08000212   0x00000000   Code   RO          846    .ARM.Collect$$libinit$$00000011  c_w.l(libinit2.o)
    0x08000212   0x08000212   0x00000000   Code   RO          848    .ARM.Collect$$libinit$$00000013  c_w.l(libinit2.o)
    0x08000212   0x08000212   0x00000000   Code   RO          850    .ARM.Collect$$libinit$$00000015  c_w.l(libinit2.o)
    0x08000212   0x08000212   0x0000000a   Code   RO          851    .ARM.Collect$$libinit$$00000016  c_w.l(libinit2.o)
    0x0800021c   0x0800021c   0x00000000   Code   RO          852    .ARM.Collect$$libinit$$00000017  c_w.l(libinit2.o)
    0x0800021c   0x0800021c   0x00000000   Code   RO          854    .ARM.Collect$$libinit$$00000019  c_w.l(libinit2.o)
    0x0800021c   0x0800021c   0x00000000   Code   RO          856    .ARM.Collect$$libinit$$0000001B  c_w.l(libinit2.o)
    0x0800021c   0x0800021c   0x00000000   Code   RO          858    .ARM.Collect$$libinit$$0000001D  c_w.l(libinit2.o)
    0x0800021c   0x0800021c   0x00000000   Code   RO          860    .ARM.Collect$$libinit$$0000001F  c_w.l(libinit2.o)
    0x0800021c   0x0800021c   0x00000000   Code   RO          862    .ARM.Collect$$libinit$$00000021  c_w.l(libinit2.o)
    0x0800021c   0x0800021c   0x00000000   Code   RO          864    .ARM.Collect$$libinit$$00000023  c_w.l(libinit2.o)
    0x0800021c   0x0800021c   0x00000000   Code   RO          866    .ARM.Collect$$libinit$$00000025  c_w.l(libinit2.o)
    0x0800021c   0x0800021c   0x00000000   Code   RO          870    .ARM.Collect$$libinit$$0000002C  c_w.l(libinit2.o)
    0x0800021c   0x0800021c   0x00000000   Code   RO          872    .ARM.Collect$$libinit$$0000002E  c_w.l(libinit2.o)
    0x0800021c   0x0800021c   0x00000000   Code   RO          874    .ARM.Collect$$libinit$$00000030  c_w.l(libinit2.o)
    0x0800021c   0x0800021c   0x00000000   Code   RO          876    .ARM.Collect$$libinit$$00000032  c_w.l(libinit2.o)
    0x0800021c   0x0800021c   0x00000002   Code   RO          877    .ARM.Collect$$libinit$$00000033  c_w.l(libinit2.o)
    0x0800021e   0x0800021e   0x00000002   Code   RO          911    .ARM.Collect$$libshutdown$$00000000  c_w.l(libshutdown.o)
    0x08000220   0x08000220   0x00000000   Code   RO          922    .ARM.Collect$$libshutdown$$00000002  c_w.l(libshutdown2.o)
    0x08000220   0x08000220   0x00000000   Code   RO          924    .ARM.Collect$$libshutdown$$00000004  c_w.l(libshutdown2.o)
    0x08000220   0x08000220   0x00000000   Code   RO          927    .ARM.Collect$$libshutdown$$00000007  c_w.l(libshutdown2.o)
    0x08000220   0x08000220   0x00000000   Code   RO          930    .ARM.Collect$$libshutdown$$0000000A  c_w.l(libshutdown2.o)
    0x08000220   0x08000220   0x00000000   Code   RO          932    .ARM.Collect$$libshutdown$$0000000C  c_w.l(libshutdown2.o)
    0x08000220   0x08000220   0x00000000   Code   RO          935    .ARM.Collect$$libshutdown$$0000000F  c_w.l(libshutdown2.o)
    0x08000220   0x08000220   0x00000002   Code   RO          936    .ARM.Collect$$libshutdown$$00000010  c_w.l(libshutdown2.o)
    0x08000222   0x08000222   0x00000000   Code   RO          679    .ARM.Collect$$rtentry$$00000000  c_w.l(__rtentry.o)
    0x08000222   0x08000222   0x00000000   Code   RO          754    .ARM.Collect$$rtentry$$00000002  c_w.l(__rtentry2.o)
    0x08000222   0x08000222   0x00000006   Code   RO          766    .ARM.Collect$$rtentry$$00000004  c_w.l(__rtentry4.o)
    0x08000228   0x08000228   0x00000000   Code   RO          756    .ARM.Collect$$rtentry$$00000009  c_w.l(__rtentry2.o)
    0x08000228   0x08000228   0x00000004   Code   RO          757    .ARM.Collect$$rtentry$$0000000A  c_w.l(__rtentry2.o)
    0x0800022c   0x0800022c   0x00000000   Code   RO          759    .ARM.Collect$$rtentry$$0000000C  c_w.l(__rtentry2.o)
    0x0800022c   0x0800022c   0x00000008   Code   RO          760    .ARM.Collect$$rtentry$$0000000D  c_w.l(__rtentry2.o)
    0x08000234   0x08000234   0x00000002   Code   RO          880    .ARM.Collect$$rtexit$$00000000  c_w.l(rtexit.o)
    0x08000236   0x08000236   0x00000000   Code   RO          889    .ARM.Collect$$rtexit$$00000002  c_w.l(rtexit2.o)
    0x08000236   0x08000236   0x00000004   Code   RO          890    .ARM.Collect$$rtexit$$00000003  c_w.l(rtexit2.o)
    0x0800023a   0x0800023a   0x00000006   Code   RO          891    .ARM.Collect$$rtexit$$00000004  c_w.l(rtexit2.o)
    0x08000240   0x08000240   0x00000040   Code   RO          542    .text               startup_stm32f407xx.o
    0x08000280   0x08000280   0x00000028   Code   RO          593    .text               c_w.l(noretval__2sprintf.o)
    0x080002a8   0x080002a8   0x00000068   Code   RO          595    .text               c_w.l(__printf.o)
    0x08000310   0x08000310   0x00000006   Code   RO          619    .text               c_w.l(heapauxi.o)
    0x08000316   0x08000316   0x0000041e   Code   RO          682    .text               c_w.l(_printf_fp_dec.o)
    0x08000734   0x08000734   0x00000030   Code   RO          684    .text               c_w.l(_printf_char_common.o)
    0x08000764   0x08000764   0x0000000a   Code   RO          686    .text               c_w.l(_sputc.o)
    0x0800076e   0x0800076e   0x00000002   PAD
    0x08000770   0x08000770   0x00000008   Code   RO          771    .text               c_w.l(rt_locale_intlibspace.o)
    0x08000778   0x08000778   0x0000008a   Code   RO          778    .text               c_w.l(lludiv10.o)
    0x08000802   0x08000802   0x00000002   PAD
    0x08000804   0x08000804   0x00000080   Code   RO          780    .text               c_w.l(_printf_fp_infnan.o)
    0x08000884   0x08000884   0x000000e4   Code   RO          784    .text               c_w.l(bigflt0.o)
    0x08000968   0x08000968   0x00000008   Code   RO          818    .text               c_w.l(libspace.o)
    0x08000970   0x08000970   0x0000004a   Code   RO          821    .text               c_w.l(sys_stackheap_outer.o)
    0x080009ba   0x080009ba   0x00000012   Code   RO          823    .text               c_w.l(exit.o)
    0x080009cc   0x080009cc   0x00000080   Code   RO          825    .text               c_w.l(strcmpv7m.o)
    0x08000a4c   0x08000a4c   0x0000000c   Code   RO          901    .text               c_w.l(sys_exit.o)
    0x08000a58   0x08000a58   0x00000002   Code   RO          912    .text               c_w.l(use_no_semi.o)
    0x08000a5a   0x08000a5a   0x00000000   Code   RO          914    .text               c_w.l(indicate_semi.o)
    0x08000a5a   0x08000a5a   0x0000003e   Code   RO          787    CL$$btod_d2e        c_w.l(btod.o)
    0x08000a98   0x08000a98   0x00000046   Code   RO          789    CL$$btod_d2e_denorm_low  c_w.l(btod.o)
    0x08000ade   0x08000ade   0x00000060   Code   RO          788    CL$$btod_d2e_norm_op1  c_w.l(btod.o)
    0x08000b3e   0x08000b3e   0x00000338   Code   RO          797    CL$$btod_div_common  c_w.l(btod.o)
    0x08000e76   0x08000e76   0x000000dc   Code   RO          794    CL$$btod_e2e        c_w.l(btod.o)
    0x08000f52   0x08000f52   0x0000002a   Code   RO          791    CL$$btod_ediv       c_w.l(btod.o)
    0x08000f7c   0x08000f7c   0x0000002a   Code   RO          790    CL$$btod_emul       c_w.l(btod.o)
    0x08000fa6   0x08000fa6   0x00000244   Code   RO          796    CL$$btod_mult_common  c_w.l(btod.o)
    0x080011ea   0x080011ea   0x00000002   PAD
    0x080011ec   0x080011ec   0x00000024   Code   RO           93    i.GPIO_Init         ili9341.o
    0x08001210   0x08001210   0x00000100   Code   RO           95    i.ILI9341_DrawChar  ili9341.o
    0x08001310   0x08001310   0x0000004e   Code   RO           97    i.ILI9341_DrawString  ili9341.o
    0x0800135e   0x0800135e   0x00000002   PAD
    0x08001360   0x08001360   0x00000064   Code   RO           98    i.ILI9341_Fill      ili9341.o
    0x080013c4   0x080013c4   0x00000138   Code   RO          100    i.ILI9341_Init      ili9341.o
    0x080014fc   0x080014fc   0x00000038   Code   RO          101    i.ILI9341_SendCommand  ili9341.o
    0x08001534   0x08001534   0x00000038   Code   RO          102    i.ILI9341_SendData  ili9341.o
    0x0800156c   0x0800156c   0x00000052   Code   RO          103    i.ILI9341_SetCursorPosition  ili9341.o
    0x080015be   0x080015be   0x00000002   PAD
    0x080015c0   0x080015c0   0x00000084   Code   RO          111    i.ILI9341_setRotation  ili9341.o
    0x08001644   0x08001644   0x00000074   Code   RO          329    i.MPU9250_accelGet  mpu9250.o
    0x080016b8   0x080016b8   0x00000074   Code   RO          331    i.MPU9250_accelUpdate  mpu9250.o
    0x0800172c   0x0800172c   0x0000000c   Code   RO          332    i.MPU9250_accelX    mpu9250.o
    0x08001738   0x08001738   0x0000000c   Code   RO          333    i.MPU9250_accelY    mpu9250.o
    0x08001744   0x08001744   0x0000000c   Code   RO          334    i.MPU9250_accelZ    mpu9250.o
    0x08001750   0x08001750   0x00000080   Code   RO          335    i.MPU9250_beginAccel  mpu9250.o
    0x080017d0   0x080017d0   0x00000080   Code   RO          336    i.MPU9250_beginGyro  mpu9250.o
    0x08001850   0x08001850   0x00000024   Code   RO          337    i.MPU9250_beginMag  mpu9250.o
    0x08001874   0x08001874   0x00000074   Code   RO          338    i.MPU9250_gyroGet   mpu9250.o
    0x080018e8   0x080018e8   0x00000074   Code   RO          339    i.MPU9250_gyroUpdate  mpu9250.o
    0x0800195c   0x0800195c   0x0000000c   Code   RO          340    i.MPU9250_gyroX     mpu9250.o
    0x08001968   0x08001968   0x0000000c   Code   RO          341    i.MPU9250_gyroY     mpu9250.o
    0x08001974   0x08001974   0x0000000c   Code   RO          342    i.MPU9250_gyroZ     mpu9250.o
    0x08001980   0x08001980   0x00000018   Code   RO          343    i.MPU9250_magGet    mpu9250.o
    0x08001998   0x08001998   0x00000088   Code   RO          345    i.MPU9250_magUpdate  mpu9250.o
    0x08001a20   0x08001a20   0x00000034   Code   RO          346    i.MPU9250_magX      mpu9250.o
    0x08001a54   0x08001a54   0x00000034   Code   RO          347    i.MPU9250_magY      mpu9250.o
    0x08001a88   0x08001a88   0x00000034   Code   RO          348    i.MPU9250_magZ      mpu9250.o
    0x08001abc   0x08001abc   0x000000a0   Code   RO          549    i.SetSysClock       system_stm32f4xx.o
    0x08001b5c   0x08001b5c   0x000000c0   Code   RO          550    i.SystemCoreClockUpdate  system_stm32f4xx.o
    0x08001c1c   0x08001c1c   0x00000068   Code   RO          551    i.SystemInit        system_stm32f4xx.o
    0x08001c84   0x08001c84   0x00000030   Code   RO          748    i.__ARM_fpclassify  m_wm.l(fpclassify.o)
    0x08001cb4   0x08001cb4   0x000000a4   Code   RO          349    i.adjustMagValue    mpu9250.o
    0x08001d58   0x08001d58   0x00000038   Code   RO          248    i.delay             delay.o
    0x08001d90   0x08001d90   0x00000034   Code   RO          249    i.delayuS           delay.o
    0x08001dc4   0x08001dc4   0x00000088   Code   RO          501    i.i2c_init          i2c.o
    0x08001e4c   0x08001e4c   0x000000f4   Code   RO          502    i.i2c_readByte      i2c.o
    0x08001f40   0x08001f40   0x000000a0   Code   RO          503    i.i2c_writeByte     i2c.o
    0x08001fe0   0x08001fe0   0x0000002a   Code   RO          350    i.magEnableSlaveMode  mpu9250.o
    0x0800200a   0x0800200a   0x00000002   PAD
    0x0800200c   0x0800200c   0x00000058   Code   RO          351    i.magReadAdjustValues  mpu9250.o
    0x08002064   0x08002064   0x00000016   Code   RO          352    i.magSetMode        mpu9250.o
    0x0800207a   0x0800207a   0x0000002a   Code   RO          353    i.magWakeup         mpu9250.o
    0x080020a4   0x080020a4   0x0000046c   Code   RO            4    i.main              main.o
    0x08002510   0x08002510   0x00000012   Code   RO          114    i.pushColor         ili9341.o
    0x08002522   0x08002522   0x00000002   PAD
    0x08002524   0x08002524   0x00000074   Code   RO          115    i.setAddrWindow     ili9341.o
    0x08002598   0x08002598   0x0000006c   Code   RO          287    i.spi_init          spi.o
    0x08002604   0x08002604   0x00000028   Code   RO          290    i.spi_write         spi.o
    0x0800262c   0x0800262c   0x00000018   Code   RO          250    i.systick_init      delay.o
    0x08002644   0x08002644   0x0000002c   Code   RO          810    locale$$code        c_w.l(lc_numeric_c.o)
    0x08002670   0x08002670   0x00000062   Code   RO          623    x$fpl$d2f           fz_wm.l(d2f.o)
    0x080026d2   0x080026d2   0x00000002   PAD
    0x080026d4   0x080026d4   0x00000150   Code   RO          625    x$fpl$dadd          fz_wm.l(daddsub_clz.o)
    0x08002824   0x08002824   0x000002b0   Code   RO          632    x$fpl$ddiv          fz_wm.l(ddiv.o)
    0x08002ad4   0x08002ad4   0x00000154   Code   RO          635    x$fpl$dmul          fz_wm.l(dmul.o)
    0x08002c28   0x08002c28   0x0000009c   Code   RO          699    x$fpl$dnaninf       fz_wm.l(dnaninf.o)
    0x08002cc4   0x08002cc4   0x0000000c   Code   RO          701    x$fpl$dretinf       fz_wm.l(dretinf.o)
    0x08002cd0   0x08002cd0   0x000001d4   Code   RO          627    x$fpl$dsub          fz_wm.l(daddsub_clz.o)
    0x08002ea4   0x08002ea4   0x00000056   Code   RO          637    x$fpl$f2d           fz_wm.l(f2d.o)
    0x08002efa   0x08002efa   0x0000008c   Code   RO          707    x$fpl$fnaninf       fz_wm.l(fnaninf.o)
    0x08002f86   0x08002f86   0x0000000a   Code   RO          884    x$fpl$fpinit        fz_wm.l(fpinit.o)
    0x08002f90   0x08002f90   0x0000000a   Code   RO          709    x$fpl$fretinf       fz_wm.l(fretinf.o)
    0x08002f9a   0x08002f9a   0x00000004   Code   RO          639    x$fpl$printf1       fz_wm.l(printf1.o)
    0x08002f9e   0x08002f9e   0x00000000   Code   RO          713    x$fpl$usenofp       fz_wm.l(usenofp.o)
    0x08002f9e   0x08002f9e   0x00000500   Data   RO          116    .constdata          ili9341.o
    0x0800349e   0x0800349e   0x00000010   Data   RO          552    .constdata          system_stm32f4xx.o
    0x080034ae   0x080034ae   0x00000002   PAD
    0x080034b0   0x080034b0   0x00000094   Data   RO          785    .constdata          c_w.l(bigflt0.o)
    0x08003544   0x08003544   0x00000020   Data   RO          961    Region$$Table       anon$$obj.o
    0x08003564   0x08003564   0x0000001c   Data   RO          809    locale$$data        c_w.l(lc_numeric_c.o)


    Execution Region RW_IRAM1 (Exec base: 0x20000000, Load base: 0x08003580, Size: 0x00000710, Max: 0x00020000, ABSOLUTE)

    Exec Addr    Load Addr    Size         Type   Attr      Idx    E Section Name        Object

    0x20000000   0x08003580   0x00000070   Data   RW            6    .data               main.o
    0x20000070   0x080035f0   0x00000004   Data   RW          117    .data               ili9341.o
    0x20000074   0x080035f4   0x00000004   PAD
    0x20000078   0x080035f8   0x00000032   Data   RW          354    .data               mpu9250.o
    0x200000aa   0x0800362a   0x00000002   PAD
    0x200000ac   0x0800362c   0x00000004   Data   RW          553    .data               system_stm32f4xx.o
    0x200000b0        -       0x00000060   Zero   RW          819    .bss                c_w.l(libspace.o)
    0x20000110        -       0x00000200   Zero   RW          540    HEAP                startup_stm32f407xx.o
    0x20000310        -       0x00000400   Zero   RW          539    STACK               startup_stm32f407xx.o


==============================================================================

Image component sizes


      Code (inc. data)   RO Data    RW Data    ZI Data      Debug   Object Name

       132         10          0          0          0       1517   delay.o
       540         20          0          0          0       1846   i2c.o
      1242         52       1280          4          0       7449   ili9341.o
      1132        328          0        112          0       9063   main.o
      1502        202          0         50          0      13517   mpu9250.o
       148         22          0          0          0        931   spi.o
        64         26        392          0       1536        876   startup_stm32f407xx.o
       456         56         16          4          0       2769   system_stm32f4xx.o

    ----------------------------------------------------------------------
      5224        716       1722        176       1536      37968   Object Totals
         0          0         32          0          0          0   (incl. Generated)
         8          0          2          6          0          0   (incl. Padding)

    ----------------------------------------------------------------------

      Code (inc. data)   RO Data    RW Data    ZI Data      Debug   Library Member Name

         8          0          0          0          0         68   __main.o
       104          0          0          0          0         84   __printf.o
         0          0          0          0          0          0   __rtentry.o
        12          0          0          0          0          0   __rtentry2.o
         6          0          0          0          0          0   __rtentry4.o
        52          8          0          0          0          0   __scatter.o
        26          0          0          0          0          0   __scatter_copy.o
        28          0          0          0          0          0   __scatter_zi.o
        48          6          0          0          0         96   _printf_char_common.o
         6          0          0          0          0          0   _printf_f.o
      1054          0          0          0          0        216   _printf_fp_dec.o
       128         16          0          0          0         84   _printf_fp_infnan.o
         0          0          0          0          0          0   _printf_percent.o
         4          0          0          0          0          0   _printf_percent_end.o
        10          0          0          0          0         68   _sputc.o
       228          4        148          0          0         96   bigflt0.o
      1936        128          0          0          0        672   btod.o
        18          0          0          0          0         80   exit.o
         6          0          0          0          0        152   heapauxi.o
         0          0          0          0          0          0   indicate_semi.o
        44         10         28          0          0         76   lc_numeric_c.o
         2          0          0          0          0          0   libinit.o
        22          0          0          0          0          0   libinit2.o
         2          0          0          0          0          0   libshutdown.o
         2          0          0          0          0          0   libshutdown2.o
         8          4          0          0         96         68   libspace.o
       138          0          0          0          0         80   lludiv10.o
        40          6          0          0          0         84   noretval__2sprintf.o
         8          4          0          0          0         68   rt_locale_intlibspace.o
         2          0          0          0          0          0   rtexit.o
        10          0          0          0          0          0   rtexit2.o
       128          0          0          0          0         68   strcmpv7m.o
        12          4          0          0          0         68   sys_exit.o
        74          0          0          0          0         80   sys_stackheap_outer.o
         2          0          0          0          0         68   use_no_semi.o
        98          4          0          0          0        140   d2f.o
       804         16          0          0          0        368   daddsub_clz.o
       688        140          0          0          0        256   ddiv.o
       340         12          0          0          0        152   dmul.o
       156          4          0          0          0        140   dnaninf.o
        12          0          0          0          0        116   dretinf.o
        86          4          0          0          0        132   f2d.o
       140          4          0          0          0        132   fnaninf.o
        10          0          0          0          0        116   fpinit.o
        10          0          0          0          0        116   fretinf.o
         4          0          0          0          0        116   printf1.o
         0          0          0          0          0          0   usenofp.o
        48          0          0          0          0        124   fpclassify.o

    ----------------------------------------------------------------------
      6574        374        176          0         96       4184   Library Totals
        10          0          0          0          0          0   (incl. Padding)

    ----------------------------------------------------------------------

      Code (inc. data)   RO Data    RW Data    ZI Data      Debug   Library Name

      4168        190        176          0         96       2276   c_w.l
      2348        184          0          0          0       1784   fz_wm.l
        48          0          0          0          0        124   m_wm.l

    ----------------------------------------------------------------------
      6574        374        176          0         96       4184   Library Totals

    ----------------------------------------------------------------------

==============================================================================


      Code (inc. data)   RO Data    RW Data    ZI Data      Debug   

     11798       1090       1898        176       1632      35556   Grand Totals
     11798       1090       1898        176       1632      35556   ELF Image Totals
     11798       1090       1898        176          0          0   ROM Totals

==============================================================================

    Total RO  Size (Code + RO Data)                13696 (  13.38kB)
    Total RW  Size (RW Data + ZI Data)              1808 (   1.77kB)
    Total ROM Size (Code + RO Data + RW Data)      13872 (  13.55kB)

==============================================================================

